Archive member included to satisfy reference by file (symbol)

c:/st/stm32cubeide_1.9.0/stm32cubeide/plugins/com.st.stm32cube.ide.mcu.externaltools.gnu-tools-for-stm32.10.3-2021.10.win32_1.0.0.202111181127/tools/bin/../lib/gcc/arm-none-eabi/10.3.1/../../../../arm-none-eabi/lib/thumb/v7e-m+fp/hard\libc_nano.a(lib_a-errno.o)
                              ./Core/Src/syscalls.o (__errno)
c:/st/stm32cubeide_1.9.0/stm32cubeide/plugins/com.st.stm32cube.ide.mcu.externaltools.gnu-tools-for-stm32.10.3-2021.10.win32_1.0.0.202111181127/tools/bin/../lib/gcc/arm-none-eabi/10.3.1/../../../../arm-none-eabi/lib/thumb/v7e-m+fp/hard\libc_nano.a(lib_a-exit.o)
                              c:/st/stm32cubeide_1.9.0/stm32cubeide/plugins/com.st.stm32cube.ide.mcu.externaltools.gnu-tools-for-stm32.10.3-2021.10.win32_1.0.0.202111181127/tools/bin/../lib/gcc/arm-none-eabi/10.3.1/../../../../arm-none-eabi/lib/thumb/v7e-m+fp/hard/crt0.o (exit)
c:/st/stm32cubeide_1.9.0/stm32cubeide/plugins/com.st.stm32cube.ide.mcu.externaltools.gnu-tools-for-stm32.10.3-2021.10.win32_1.0.0.202111181127/tools/bin/../lib/gcc/arm-none-eabi/10.3.1/../../../../arm-none-eabi/lib/thumb/v7e-m+fp/hard\libc_nano.a(lib_a-impure.o)
                              c:/st/stm32cubeide_1.9.0/stm32cubeide/plugins/com.st.stm32cube.ide.mcu.externaltools.gnu-tools-for-stm32.10.3-2021.10.win32_1.0.0.202111181127/tools/bin/../lib/gcc/arm-none-eabi/10.3.1/../../../../arm-none-eabi/lib/thumb/v7e-m+fp/hard\libc_nano.a(lib_a-exit.o) (_global_impure_ptr)
c:/st/stm32cubeide_1.9.0/stm32cubeide/plugins/com.st.stm32cube.ide.mcu.externaltools.gnu-tools-for-stm32.10.3-2021.10.win32_1.0.0.202111181127/tools/bin/../lib/gcc/arm-none-eabi/10.3.1/../../../../arm-none-eabi/lib/thumb/v7e-m+fp/hard\libc_nano.a(lib_a-init.o)
                              c:/st/stm32cubeide_1.9.0/stm32cubeide/plugins/com.st.stm32cube.ide.mcu.externaltools.gnu-tools-for-stm32.10.3-2021.10.win32_1.0.0.202111181127/tools/bin/../lib/gcc/arm-none-eabi/10.3.1/../../../../arm-none-eabi/lib/thumb/v7e-m+fp/hard/crt0.o (__libc_init_array)
c:/st/stm32cubeide_1.9.0/stm32cubeide/plugins/com.st.stm32cube.ide.mcu.externaltools.gnu-tools-for-stm32.10.3-2021.10.win32_1.0.0.202111181127/tools/bin/../lib/gcc/arm-none-eabi/10.3.1/../../../../arm-none-eabi/lib/thumb/v7e-m+fp/hard\libc_nano.a(lib_a-malloc.o)
                              ./Middlewares/USB_Device_Library/usbd_msc.o (malloc)
c:/st/stm32cubeide_1.9.0/stm32cubeide/plugins/com.st.stm32cube.ide.mcu.externaltools.gnu-tools-for-stm32.10.3-2021.10.win32_1.0.0.202111181127/tools/bin/../lib/gcc/arm-none-eabi/10.3.1/../../../../arm-none-eabi/lib/thumb/v7e-m+fp/hard\libc_nano.a(lib_a-memcpy-stub.o)
                              ./Middlewares/FreeRTOS/cmsis_os2.o (memcpy)
c:/st/stm32cubeide_1.9.0/stm32cubeide/plugins/com.st.stm32cube.ide.mcu.externaltools.gnu-tools-for-stm32.10.3-2021.10.win32_1.0.0.202111181127/tools/bin/../lib/gcc/arm-none-eabi/10.3.1/../../../../arm-none-eabi/lib/thumb/v7e-m+fp/hard\libc_nano.a(lib_a-memset.o)
                              c:/st/stm32cubeide_1.9.0/stm32cubeide/plugins/com.st.stm32cube.ide.mcu.externaltools.gnu-tools-for-stm32.10.3-2021.10.win32_1.0.0.202111181127/tools/bin/../lib/gcc/arm-none-eabi/10.3.1/../../../../arm-none-eabi/lib/thumb/v7e-m+fp/hard/crt0.o (memset)
c:/st/stm32cubeide_1.9.0/stm32cubeide/plugins/com.st.stm32cube.ide.mcu.externaltools.gnu-tools-for-stm32.10.3-2021.10.win32_1.0.0.202111181127/tools/bin/../lib/gcc/arm-none-eabi/10.3.1/../../../../arm-none-eabi/lib/thumb/v7e-m+fp/hard\libc_nano.a(lib_a-nano-freer.o)
                              c:/st/stm32cubeide_1.9.0/stm32cubeide/plugins/com.st.stm32cube.ide.mcu.externaltools.gnu-tools-for-stm32.10.3-2021.10.win32_1.0.0.202111181127/tools/bin/../lib/gcc/arm-none-eabi/10.3.1/../../../../arm-none-eabi/lib/thumb/v7e-m+fp/hard\libc_nano.a(lib_a-malloc.o) (_free_r)
c:/st/stm32cubeide_1.9.0/stm32cubeide/plugins/com.st.stm32cube.ide.mcu.externaltools.gnu-tools-for-stm32.10.3-2021.10.win32_1.0.0.202111181127/tools/bin/../lib/gcc/arm-none-eabi/10.3.1/../../../../arm-none-eabi/lib/thumb/v7e-m+fp/hard\libc_nano.a(lib_a-nano-mallocr.o)
                              c:/st/stm32cubeide_1.9.0/stm32cubeide/plugins/com.st.stm32cube.ide.mcu.externaltools.gnu-tools-for-stm32.10.3-2021.10.win32_1.0.0.202111181127/tools/bin/../lib/gcc/arm-none-eabi/10.3.1/../../../../arm-none-eabi/lib/thumb/v7e-m+fp/hard\libc_nano.a(lib_a-malloc.o) (_malloc_r)
c:/st/stm32cubeide_1.9.0/stm32cubeide/plugins/com.st.stm32cube.ide.mcu.externaltools.gnu-tools-for-stm32.10.3-2021.10.win32_1.0.0.202111181127/tools/bin/../lib/gcc/arm-none-eabi/10.3.1/../../../../arm-none-eabi/lib/thumb/v7e-m+fp/hard\libc_nano.a(lib_a-sbrkr.o)
[...]
Memory Configuration

Name             Origin             Length             Attributes
RAM              0x0000000020000000 0x0000000000050000 xrw
FLASH            0x0000000008000000 0x0000000000100000 xr
*default*        0x0000000000000000 0xffffffffffffffff

Linker script and memory map

LOAD c:/st/stm32cubeide_1.9.0/stm32cubeide/plugins/com.st.stm32cube.ide.mcu.externaltools.gnu-tools-for-stm32.10.3-2021.10.win32_1.0.0.202111181127/tools/bin/../lib/gcc/arm-none-eabi/10.3.1/thumb/v7e-m+fp/hard/crti.o
LOAD c:/st/stm32cubeide_1.9.0/stm32cubeide/plugins/com.st.stm32cube.ide.mcu.externaltools.gnu-tools-for-stm32.10.3-2021.10.win32_1.0.0.202111181127/tools/bin/../lib/gcc/arm-none-eabi/10.3.1/thumb/v7e-m+fp/hard/crtbegin.o
LOAD c:/st/stm32cubeide_1.9.0/stm32cubeide/plugins/com.st.stm32cube.ide.mcu.externaltools.gnu-tools-for-stm32.10.3-2021.10.win32_1.0.0.202111181127/tools/bin/../lib/gcc/arm-none-eabi/10.3.1/../../../../arm-none-eabi/lib/thumb/v7e-m+fp/hard/crt0.o
LOAD ./Core/Src/freertos.o
LOAD ./Core/Src/main.o
LOAD ./Core/Src/stm32f7xx_hal_msp.o
LOAD ./Core/Src/stm32f7xx_it.o
LOAD ./Core/Src/syscalls.o
LOAD ./Core/Src/sysmem.o
LOAD ./Core/Src/system_stm32f7xx.o
LOAD ./Core/Startup/startup_stm32f746vgtx.o
LOAD ./Drivers/STM32F7xx_HAL_Driver/stm32f7xx_hal.o
LOAD ./Drivers/STM32F7xx_HAL_Driver/stm32f7xx_hal_cortex.o
LOAD ./Drivers/STM32F7xx_HAL_Driver/stm32f7xx_hal_dma.o
LOAD ./Drivers/STM32F7xx_HAL_Driver/stm32f7xx_hal_dma_ex.o
LOAD ./Drivers/STM32F7xx_HAL_Driver/stm32f7xx_hal_exti.o
LOAD ./Drivers/STM32F7xx_HAL_Driver/stm32f7xx_hal_flash.o
LOAD ./Drivers/STM32F7xx_HAL_Driver/stm32f7xx_hal_flash_ex.o
LOAD ./Drivers/STM32F7xx_HAL_Driver/stm32f7xx_hal_gpio.o
LOAD ./Drivers/STM32F7xx_HAL_Driver/stm32f7xx_hal_i2c.o
LOAD ./Drivers/STM32F7xx_HAL_Driver/stm32f7xx_hal_i2c_ex.o
LOAD ./Drivers/STM32F7xx_HAL_Driver/stm32f7xx_hal_pcd.o
LOAD ./Drivers/STM32F7xx_HAL_Driver/stm32f7xx_hal_pcd_ex.o
LOAD ./Drivers/STM32F7xx_HAL_Driver/stm32f7xx_hal_pwr.o
LOAD ./Drivers/STM32F7xx_HAL_Driver/stm32f7xx_hal_pwr_ex.o
LOAD ./Drivers/STM32F7xx_HAL_Driver/stm32f7xx_hal_rcc.o
LOAD ./Drivers/STM32F7xx_HAL_Driver/stm32f7xx_hal_rcc_ex.o
LOAD ./Drivers/STM32F7xx_HAL_Driver/stm32f7xx_hal_rtc.o
LOAD ./Drivers/STM32F7xx_HAL_Driver/stm32f7xx_hal_rtc_ex.o
LOAD ./Drivers/STM32F7xx_HAL_Driver/stm32f7xx_hal_sd.o
LOAD ./Drivers/STM32F7xx_HAL_Driver/stm32f7xx_hal_tim.o
LOAD ./Drivers/STM32F7xx_HAL_Driver/stm32f7xx_hal_tim_ex.o
LOAD ./Drivers/STM32F7xx_HAL_Driver/stm32f7xx_hal_uart.o
LOAD ./Drivers/STM32F7xx_HAL_Driver/stm32f7xx_hal_uart_ex.o
LOAD ./Drivers/STM32F7xx_HAL_Driver/stm32f7xx_ll_sdmmc.o
LOAD ./Drivers/STM32F7xx_HAL_Driver/stm32f7xx_ll_usb.o
LOAD ./FATFS/App/fatfs.o
LOAD ./FATFS/Target/bsp_driver_sd.o
LOAD ./FATFS/Target/sd_diskio.o
LOAD ./Middlewares/FatFs/diskio.o
LOAD ./Middlewares/FatFs/ff.o
LOAD ./Middlewares/FatFs/ff_gen_drv.o
LOAD ./Middlewares/FatFs/syscall.o
LOAD ./Middlewares/FreeRTOS/cmsis_os2.o
LOAD ./Middlewares/FreeRTOS/croutine.o
LOAD ./Middlewares/FreeRTOS/event_groups.o
LOAD ./Middlewares/FreeRTOS/heap_4.o
LOAD ./Middlewares/FreeRTOS/list.o
LOAD ./Middlewares/FreeRTOS/port.o
LOAD ./Middlewares/FreeRTOS/queue.o
LOAD ./Middlewares/FreeRTOS/stream_buffer.o
LOAD ./Middlewares/FreeRTOS/tasks.o
LOAD ./Middlewares/FreeRTOS/timers.o
LOAD ./Middlewares/USB_Device_Library/usbd_core.o
LOAD ./Middlewares/USB_Device_Library/usbd_ctlreq.o
LOAD ./Middlewares/USB_Device_Library/usbd_ioreq.o
LOAD ./Middlewares/USB_Device_Library/usbd_msc.o
LOAD ./Middlewares/USB_Device_Library/usbd_msc_bot.o
LOAD ./Middlewares/USB_Device_Library/usbd_msc_data.o
LOAD ./Middlewares/USB_Device_Library/usbd_msc_scsi.o
LOAD ./USB_DEVICE/App/usb_device.o
LOAD ./USB_DEVICE/App/usbd_desc.o
LOAD ./USB_DEVICE/App/usbd_storage_if.o
LOAD ./USB_DEVICE/Target/usbd_conf.o
START GROUP
LOAD c:/st/stm32cubeide_1.9.0/stm32cubeide/plugins/com.st.stm32cube.ide.mcu.externaltools.gnu-tools-for-stm32.10.3-2021.10.win32_1.0.0.202111181127/tools/bin/../lib/gcc/arm-none-eabi/10.3.1/../../../../arm-none-eabi/lib/thumb/v7e-m+fp/hard\libc_nano.a
LOAD c:/st/stm32cubeide_1.9.0/stm32cubeide/plugins/com.st.stm32cube.ide.mcu.externaltools.gnu-tools-for-stm32.10.3-2021.10.win32_1.0.0.202111181127/tools/bin/../lib/gcc/arm-none-eabi/10.3.1/../../../../arm-none-eabi/lib/thumb/v7e-m+fp/hard\libm.a
END GROUP
START GROUP
LOAD c:/st/stm32cubeide_1.9.0/stm32cubeide/plugins/com.st.stm32cube.ide.mcu.externaltools.gnu-tools-for-stm32.10.3-2021.10.win32_1.0.0.202111181127/tools/bin/../lib/gcc/arm-none-eabi/10.3.1/thumb/v7e-m+fp/hard\libgcc.a
LOAD c:/st/stm32cubeide_1.9.0/stm32cubeide/plugins/com.st.stm32cube.ide.mcu.externaltools.gnu-tools-for-stm32.10.3-2021.10.win32_1.0.0.202111181127/tools/bin/../lib/gcc/arm-none-eabi/10.3.1/../../../../arm-none-eabi/lib/thumb/v7e-m+fp/hard\libc_nano.a
END GROUP
START GROUP
LOAD c:/st/stm32cubeide_1.9.0/stm32cubeide/plugins/com.st.stm32cube.ide.mcu.externaltools.gnu-tools-for-stm32.10.3-2021.10.win32_1.0.0.202111181127/tools/bin/../lib/gcc/arm-none-eabi/10.3.1/thumb/v7e-m+fp/hard\libgcc.a
LOAD c:/st/stm32cubeide_1.9.0/stm32cubeide/plugins/com.st.stm32cube.ide.mcu.externaltools.gnu-tools-for-stm32.10.3-2021.10.win32_1.0.0.202111181127/tools/bin/../lib/gcc/arm-none-eabi/10.3.1/../../../../arm-none-eabi/lib/thumb/v7e-m+fp/hard\libc_nano.a
LOAD c:/st/stm32cubeide_1.9.0/stm32cubeide/plugins/com.st.stm32cube.ide.mcu.externaltools.gnu-tools-for-stm32.10.3-2021.10.win32_1.0.0.202111181127/tools/bin/../lib/gcc/arm-none-eabi/10.3.1/../../../../arm-none-eabi/lib/thumb/v7e-m+fp/hard\libnosys.a
END GROUP
START GROUP
LOAD c:/st/stm32cubeide_1.9.0/stm32cubeide/plugins/com.st.stm32cube.ide.mcu.externaltools.gnu-tools-for-stm32.10.3-2021.10.win32_1.0.0.202111181127/tools/bin/../lib/gcc/arm-none-eabi/10.3.1/thumb/v7e-m+fp/hard\libgcc.a
LOAD c:/st/stm32cubeide_1.9.0/stm32cubeide/plugins/com.st.stm32cube.ide.mcu.externaltools.gnu-tools-for-stm32.10.3-2021.10.win32_1.0.0.202111181127/tools/bin/../lib/gcc/arm-none-eabi/10.3.1/../../../../arm-none-eabi/lib/thumb/v7e-m+fp/hard\libc_nano.a
LOAD c:/st/stm32cubeide_1.9.0/stm32cubeide/plugins/com.st.stm32cube.ide.mcu.externaltools.gnu-tools-for-stm32.10.3-2021.10.win32_1.0.0.202111181127/tools/bin/../lib/gcc/arm-none-eabi/10.3.1/../../../../arm-none-eabi/lib/thumb/v7e-m+fp/hard\libnosys.a
END GROUP
LOAD c:/st/stm32cubeide_1.9.0/stm32cubeide/plugins/com.st.stm32cube.ide.mcu.externaltools.gnu-tools-for-stm32.10.3-2021.10.win32_1.0.0.202111181127/tools/bin/../lib/gcc/arm-none-eabi/10.3.1/thumb/v7e-m+fp/hard/crtend.o
LOAD c:/st/stm32cubeide_1.9.0/stm32cubeide/plugins/com.st.stm32cube.ide.mcu.externaltools.gnu-tools-for-stm32.10.3-2021.10.win32_1.0.0.202111181127/tools/bin/../lib/gcc/arm-none-eabi/10.3.1/thumb/v7e-m+fp/hard/crtn.o
                0x0000000020050000                _estack = (ORIGIN (RAM) + LENGTH (RAM))
                0x0000000000000200                _Min_Heap_Size = 0x200
                0x0000000000000400                _Min_Stack_Size = 0x400

.isr_vector     0x0000000008000000      0x1c8
                0x0000000008000000                . = ALIGN (0x4)
 *(.isr_vector)
 .isr_vector    0x0000000008000000      0x1c8 ./Core/Startup/startup_stm32f746vgtx.o
                0x0000000008000000                g_pfnVectors
                0x00000000080001c8                . = ALIGN (0x4)

.text           0x00000000080001d0    0x105d0
                0x00000000080001d0                . = ALIGN (0x4)
 *(.text)
 .text          0x00000000080001d0       0x40 c:/st/stm32cubeide_1.9.0/stm32cubeide/plugins/com.st.stm32cube.ide.mcu.externaltools.gnu-tools-for-stm32.10.3-2021.10.win32_1.0.0.202111181127/tools/bin/../lib/gcc/arm-none-eabi/10.3.1/thumb/v7e-m+fp/hard/crtbegin.o
 .text          0x0000000008000210       0x30 c:/st/stm32cubeide_1.9.0/stm32cubeide/plugins/com.st.stm32cube.ide.mcu.externaltools.gnu-tools-for-stm32.10.3-2021.10.win32_1.0.0.202111181127/tools/bin/../lib/gcc/arm-none-eabi/10.3.1/thumb/v7e-m+fp/hard\libgcc.a(_aeabi_uldivmod.o)
                0x0000000008000210                __aeabi_uldivmod
 .text          0x0000000008000240      0x2d0 c:/st/stm32cubeide_1.9.0/stm32cubeide/plugins/com.st.stm32cube.ide.mcu.externaltools.gnu-tools-for-stm32.10.3-2021.10.win32_1.0.0.202111181127/tools/bin/../lib/gcc/arm-none-eabi/10.3.1/thumb/v7e-m+fp/hard\libgcc.a(_udivmoddi4.o)
                0x0000000008000240                __udivmoddi4
 .text          0x0000000008000510        0x4 c:/st/stm32cubeide_1.9.0/stm32cubeide/plugins/com.st.stm32cube.ide.mcu.externaltools.gnu-tools-for-stm32.10.3-2021.10.win32_1.0.0.202111181127/tools/bin/../lib/gcc/arm-none-eabi/10.3.1/thumb/v7e-m+fp/hard\libgcc.a(_dvmd_tls.o)
                0x0000000008000510                __aeabi_idiv0
                0x0000000008000510                __aeabi_ldiv0
 *(.text*)
 .text.main     0x0000000008000514      0x128 ./Core/Src/main.o
                0x0000000008000514                main
 .text.SystemClock_Config
                0x000000000800063c       0xe0 ./Core/Src/main.o
                0x000000000800063c                SystemClock_Config
 .text.MX_I2C1_Init
                0x000000000800071c       0x80 ./Core/Src/main.o
 .text.MX_I2C4_Init
                0x000000000800079c       0x80 ./Core/Src/main.o
 .text.MX_RTC_Init
                0x000000000800081c       0x4c ./Core/Src/main.o
 .text.MX_SDMMC1_SD_Init
                0x0000000008000868       0x40 ./Core/Src/main.o
 .text.MX_TIM1_Init
                0x00000000080008a8       0xb4 ./Core/Src/main.o
 .text.MX_TIM9_Init
                0x000000000800095c       0xd8 ./Core/Src/main.o
 .text.MX_TIM12_Init
                0x0000000008000a34       0x8c ./Core/Src/main.o
 .text.MX_UART4_Init
                0x0000000008000ac0       0x60 ./Core/Src/main.o
 .text.MX_UART7_Init
                0x0000000008000b20       0x60 ./Core/Src/main.o
 .text.MX_UART8_Init
                0x0000000008000b80       0x60 ./Core/Src/main.o
 .text.MX_USART1_UART_Init
                0x0000000008000be0       0x60 ./Core/Src/main.o
 .text.MX_USART2_UART_Init
                0x0000000008000c40       0x60 ./Core/Src/main.o
 .text.MX_USART3_UART_Init
                0x0000000008000ca0       0x60 ./Core/Src/main.o
 .text.MX_USART6_UART_Init
                0x0000000008000d00       0x60 ./Core/Src/main.o
 .text.MX_GPIO_Init
                0x0000000008000d60       0x90 ./Core/Src/main.o
 .text.startLoggingTask
                0x0000000008000df0       0x14 ./Core/Src/main.o
                0x0000000008000df0                startLoggingTask
 .text.startCalculationTask
                0x0000000008000e04       0x10 ./Core/Src/main.o
                0x0000000008000e04                startCalculationTask
 .text.startBridgeTask
                0x0000000008000e14       0x10 ./Core/Src/main.o
                0x0000000008000e14                startBridgeTask
 .text.startGyroModuleTask
                0x0000000008000e24       0x10 ./Core/Src/main.o
                0x0000000008000e24                startGyroModuleTask
 .text.Error_Handler
                0x0000000008000e34        0xa ./Core/Src/main.o
                0x0000000008000e34                Error_Handler
 *fill*         0x0000000008000e3e        0x2 
 .text.HAL_MspInit
                0x0000000008000e40       0x50 ./Core/Src/stm32f7xx_hal_msp.o
                0x0000000008000e40                HAL_MspInit
 .text.HAL_I2C_MspInit
                0x0000000008000e90      0x14c ./Core/Src/stm32f7xx_hal_msp.o
                0x0000000008000e90                HAL_I2C_MspInit
 .text.HAL_RTC_MspInit
                0x0000000008000fdc       0x5c ./Core/Src/stm32f7xx_hal_msp.o
                0x0000000008000fdc                HAL_RTC_MspInit
 .text.HAL_SD_MspInit
                0x0000000008001038      0x108 ./Core/Src/stm32f7xx_hal_msp.o
                0x0000000008001038                HAL_SD_MspInit
 .text.HAL_TIM_Encoder_MspInit
                0x0000000008001140       0x88 ./Core/Src/stm32f7xx_hal_msp.o
                0x0000000008001140                HAL_TIM_Encoder_MspInit
 .text.HAL_TIM_IC_MspInit
                0x00000000080011c8       0x88 ./Core/Src/stm32f7xx_hal_msp.o
                0x00000000080011c8                HAL_TIM_IC_MspInit
 .text.HAL_TIM_PWM_MspInit
                0x0000000008001250       0x40 ./Core/Src/stm32f7xx_hal_msp.o
                0x0000000008001250                HAL_TIM_PWM_MspInit
 .text.HAL_TIM_MspPostInit
                0x0000000008001290       0x70 ./Core/Src/stm32f7xx_hal_msp.o
                0x0000000008001290                HAL_TIM_MspPostInit
 .text.HAL_UART_MspInit
                0x0000000008001300      0x454 ./Core/Src/stm32f7xx_hal_msp.o
                0x0000000008001300                HAL_UART_MspInit
 .text.NMI_Handler
                0x0000000008001754        0x6 ./Core/Src/stm32f7xx_it.o
                0x0000000008001754                NMI_Handler
 .text.HardFault_Handler
                0x000000000800175a        0x6 ./Core/Src/stm32f7xx_it.o
                0x000000000800175a                HardFault_Handler
 .text.MemManage_Handler
                0x0000000008001760        0x6 ./Core/Src/stm32f7xx_it.o
                0x0000000008001760                MemManage_Handler
 .text.BusFault_Handler
                0x0000000008001766        0x6 ./Core/Src/stm32f7xx_it.o
                0x0000000008001766                BusFault_Handler
 .text.UsageFault_Handler
                0x000000000800176c        0x6 ./Core/Src/stm32f7xx_it.o
                0x000000000800176c                UsageFault_Handler
 .text.DebugMon_Handler
                0x0000000008001772        0xe ./Core/Src/stm32f7xx_it.o
                0x0000000008001772                DebugMon_Handler
 .text.SysTick_Handler
                0x0000000008001780       0x1a ./Core/Src/stm32f7xx_it.o
                0x0000000008001780                SysTick_Handler
 *fill*         0x000000000800179a        0x2 
 .text.OTG_HS_IRQHandler
                0x000000000800179c       0x14 ./Core/Src/stm32f7xx_it.o
                0x000000000800179c                OTG_HS_IRQHandler
 .text._sbrk    0x00000000080017b0       0x6c ./Core/Src/sysmem.o
                0x00000000080017b0                _sbrk
 .text.SystemInit
                0x000000000800181c       0x24 ./Core/Src/system_stm32f7xx.o
                0x000000000800181c                SystemInit
 .text.Reset_Handler
                0x0000000008001840       0x50 ./Core/Startup/startup_stm32f746vgtx.o
                0x0000000008001840                Reset_Handler
 .text.Default_Handler
                0x0000000008001890        0x2 ./Core/Startup/startup_stm32f746vgtx.o
                0x0000000008001890                RTC_Alarm_IRQHandler
                0x0000000008001890                EXTI2_IRQHandler
                0x0000000008001890                TIM8_CC_IRQHandler
                0x0000000008001890                UART8_IRQHandler
                0x0000000008001890                SPI4_IRQHandler
                0x0000000008001890                TIM1_CC_IRQHandler
                0x0000000008001890                DMA2_Stream5_IRQHandler
                0x0000000008001890                DMA1_Stream5_IRQHandler
                0x0000000008001890                PVD_IRQHandler
                0x0000000008001890                TAMP_STAMP_IRQHandler
                0x0000000008001890                CAN2_RX1_IRQHandler
                0x0000000008001890                EXTI3_IRQHandler
                0x0000000008001890                TIM8_TRG_COM_TIM14_IRQHandler
                0x0000000008001890                TIM1_UP_TIM10_IRQHandler
                0x0000000008001890                TIM8_UP_TIM13_IRQHandler
                0x0000000008001890                I2C3_ER_IRQHandler
                0x0000000008001890                EXTI0_IRQHandler
                0x0000000008001890                I2C2_EV_IRQHandler
                0x0000000008001890                DMA1_Stream2_IRQHandler
                0x0000000008001890                CAN1_RX0_IRQHandler
                0x0000000008001890                FPU_IRQHandler
                0x0000000008001890                OTG_HS_WKUP_IRQHandler
                0x0000000008001890                LTDC_ER_IRQHandler
                0x0000000008001890                CAN2_SCE_IRQHandler
                0x0000000008001890                DMA2_Stream2_IRQHandler
                0x0000000008001890                SPI1_IRQHandler
                0x0000000008001890                TIM6_DAC_IRQHandler
                0x0000000008001890                TIM1_BRK_TIM9_IRQHandler
                0x0000000008001890                DCMI_IRQHandler
                0x0000000008001890                CAN2_RX0_IRQHandler
                0x0000000008001890                DMA2_Stream3_IRQHandler
                0x0000000008001890                SAI2_IRQHandler
                0x0000000008001890                USART6_IRQHandler
                0x0000000008001890                USART3_IRQHandler
                0x0000000008001890                CAN1_RX1_IRQHandler
                0x0000000008001890                UART5_IRQHandler
                0x0000000008001890                DMA2_Stream0_IRQHandler
                0x0000000008001890                TIM4_IRQHandler
                0x0000000008001890                QUADSPI_IRQHandler
                0x0000000008001890                I2C1_EV_IRQHandler
                0x0000000008001890                DMA1_Stream6_IRQHandler
                0x0000000008001890                DMA1_Stream1_IRQHandler
                0x0000000008001890                UART4_IRQHandler
                0x0000000008001890                TIM3_IRQHandler
                0x0000000008001890                RCC_IRQHandler
                0x0000000008001890                TIM8_BRK_TIM12_IRQHandler
                0x0000000008001890                Default_Handler
                0x0000000008001890                CEC_IRQHandler
                0x0000000008001890                EXTI15_10_IRQHandler
                0x0000000008001890                ADC_IRQHandler
                0x0000000008001890                DMA1_Stream7_IRQHandler
                0x0000000008001890                SPI5_IRQHandler
                0x0000000008001890                TIM7_IRQHandler
                0x0000000008001890                SDMMC1_IRQHandler
                0x0000000008001890                CAN2_TX_IRQHandler
                0x0000000008001890                TIM5_IRQHandler
                0x0000000008001890                DMA2_Stream7_IRQHandler
                0x0000000008001890                I2C3_EV_IRQHandler
                0x0000000008001890                EXTI9_5_IRQHandler
                0x0000000008001890                RTC_WKUP_IRQHandler
                0x0000000008001890                LTDC_IRQHandler
                0x0000000008001890                ETH_WKUP_IRQHandler
                0x0000000008001890                SPDIF_RX_IRQHandler
                0x0000000008001890                SPI2_IRQHandler
                0x0000000008001890                OTG_HS_EP1_IN_IRQHandler
                0x0000000008001890                DMA1_Stream0_IRQHandler
                0x0000000008001890                CAN1_TX_IRQHandler
                0x0000000008001890                EXTI4_IRQHandler
                0x0000000008001890                RNG_IRQHandler
                0x0000000008001890                ETH_IRQHandler
                0x0000000008001890                OTG_HS_EP1_OUT_IRQHandler
                0x0000000008001890                WWDG_IRQHandler
                0x0000000008001890                SPI6_IRQHandler
                0x0000000008001890                I2C4_EV_IRQHandler
                0x0000000008001890                TIM2_IRQHandler
                0x0000000008001890                OTG_FS_WKUP_IRQHandler
                0x0000000008001890                TIM1_TRG_COM_TIM11_IRQHandler
                0x0000000008001890                DMA2D_IRQHandler
                0x0000000008001890                EXTI1_IRQHandler
                0x0000000008001890                UART7_IRQHandler
                0x0000000008001890                USART2_IRQHandler
                0x0000000008001890                I2C2_ER_IRQHandler
                0x0000000008001890                DMA2_Stream1_IRQHandler
                0x0000000008001890                CAN1_SCE_IRQHandler
                0x0000000008001890                FLASH_IRQHandler
                0x0000000008001890                DMA2_Stream4_IRQHandler
                0x0000000008001890                USART1_IRQHandler
                0x0000000008001890                OTG_FS_IRQHandler
                0x0000000008001890                SPI3_IRQHandler
                0x0000000008001890                DMA1_Stream4_IRQHandler
                0x0000000008001890                I2C1_ER_IRQHandler
                0x0000000008001890                FMC_IRQHandler
                0x0000000008001890                LPTIM1_IRQHandler
                0x0000000008001890                I2C4_ER_IRQHandler
                0x0000000008001890                DMA2_Stream6_IRQHandler
                0x0000000008001890                SAI1_IRQHandler
                0x0000000008001890                DMA1_Stream3_IRQHandler
 .text.HAL_Init
                0x0000000008001892       0x1a ./Drivers/STM32F7xx_HAL_Driver/stm32f7xx_hal.o
                0x0000000008001892                HAL_Init
 .text.HAL_InitTick
                0x00000000080018ac       0x60 ./Drivers/STM32F7xx_HAL_Driver/stm32f7xx_hal.o
                0x00000000080018ac                HAL_InitTick
 .text.HAL_IncTick
                0x000000000800190c       0x28 ./Drivers/STM32F7xx_HAL_Driver/stm32f7xx_hal.o
                0x000000000800190c                HAL_IncTick
 .text.HAL_GetTick
                0x0000000008001934       0x18 ./Drivers/STM32F7xx_HAL_Driver/stm32f7xx_hal.o
                0x0000000008001934                HAL_GetTick
 .text.HAL_Delay
                0x000000000800194c       0x48 ./Drivers/STM32F7xx_HAL_Driver/stm32f7xx_hal.o
                0x000000000800194c                HAL_Delay
 .text.__NVIC_SetPriorityGrouping
                0x0000000008001994       0x48 ./Drivers/STM32F7xx_HAL_Driver/stm32f7xx_hal_cortex.o
 .text.__NVIC_GetPriorityGrouping
                0x00000000080019dc       0x1c ./Drivers/STM32F7xx_HAL_Driver/stm32f7xx_hal_cortex.o
 .text.__NVIC_EnableIRQ
                0x00000000080019f8       0x3c ./Drivers/STM32F7xx_HAL_Driver/stm32f7xx_hal_cortex.o
 .text.__NVIC_SetPriority
                0x0000000008001a34       0x54 ./Drivers/STM32F7xx_HAL_Driver/stm32f7xx_hal_cortex.o
 .text.NVIC_EncodePriority
                0x0000000008001a88       0x66 ./Drivers/STM32F7xx_HAL_Driver/stm32f7xx_hal_cortex.o
 *fill*         0x0000000008001aee        0x2 
 .text.SysTick_Config
                0x0000000008001af0       0x44 ./Drivers/STM32F7xx_HAL_Driver/stm32f7xx_hal_cortex.o
 .text.HAL_NVIC_SetPriorityGrouping
                0x0000000008001b34       0x16 ./Drivers/STM32F7xx_HAL_Driver/stm32f7xx_hal_cortex.o
                0x0000000008001b34                HAL_NVIC_SetPriorityGrouping
 .text.HAL_NVIC_SetPriority
                0x0000000008001b4a       0x38 ./Drivers/STM32F7xx_HAL_Driver/stm32f7xx_hal_cortex.o
                0x0000000008001b4a                HAL_NVIC_SetPriority
 .text.HAL_NVIC_EnableIRQ
                0x0000000008001b82       0x1c ./Drivers/STM32F7xx_HAL_Driver/stm32f7xx_hal_cortex.o
                0x0000000008001b82                HAL_NVIC_EnableIRQ
 .text.HAL_SYSTICK_Config
                0x0000000008001b9e       0x18 ./Drivers/STM32F7xx_HAL_Driver/stm32f7xx_hal_cortex.o
                0x0000000008001b9e                HAL_SYSTICK_Config
 .text.HAL_DMA_Start_IT
                0x0000000008001bb6       0xc0 ./Drivers/STM32F7xx_HAL_Driver/stm32f7xx_hal_dma.o
                0x0000000008001bb6                HAL_DMA_Start_IT
 .text.HAL_DMA_GetError
                0x0000000008001c76       0x18 ./Drivers/STM32F7xx_HAL_Driver/stm32f7xx_hal_dma.o
                0x0000000008001c76                HAL_DMA_GetError
 .text.DMA_SetConfig
                0x0000000008001c8e       0x5c ./Drivers/STM32F7xx_HAL_Driver/stm32f7xx_hal_dma.o
 *fill*         0x0000000008001cea        0x2 
 .text.HAL_GPIO_Init
                0x0000000008001cec      0x358 ./Drivers/STM32F7xx_HAL_Driver/stm32f7xx_hal_gpio.o
                0x0000000008001cec                HAL_GPIO_Init
 .text.HAL_I2C_Init
                0x0000000008002044      0x120 ./Drivers/STM32F7xx_HAL_Driver/stm32f7xx_hal_i2c.o
                0x0000000008002044                HAL_I2C_Init
 .text.HAL_I2CEx_ConfigAnalogFilter
                0x0000000008002164       0x96 ./Drivers/STM32F7xx_HAL_Driver/stm32f7xx_hal_i2c_ex.o
                0x0000000008002164                HAL_I2CEx_ConfigAnalogFilter
 .text.HAL_I2CEx_ConfigDigitalFilter
                0x00000000080021fa       0x98 ./Drivers/STM32F7xx_HAL_Driver/stm32f7xx_hal_i2c_ex.o
                0x00000000080021fa                HAL_I2CEx_ConfigDigitalFilter
 .text.HAL_PCD_Init
                0x0000000008002292      0x248 ./Drivers/STM32F7xx_HAL_Driver/stm32f7xx_hal_pcd.o
                0x0000000008002292                HAL_PCD_Init
 .text.HAL_PCD_Start
                0x00000000080024da       0x44 ./Drivers/STM32F7xx_HAL_Driver/stm32f7xx_hal_pcd.o
                0x00000000080024da                HAL_PCD_Start
 .text.HAL_PCD_IRQHandler
                0x000000000800251e      0x79e ./Drivers/STM32F7xx_HAL_Driver/stm32f7xx_hal_pcd.o
                0x000000000800251e                HAL_PCD_IRQHandler
 .text.HAL_PCD_SetAddress
                0x0000000008002cbc       0x4a ./Drivers/STM32F7xx_HAL_Driver/stm32f7xx_hal_pcd.o
                0x0000000008002cbc                HAL_PCD_SetAddress
 .text.HAL_PCD_EP_Open
                0x0000000008002d06       0xd0 ./Drivers/STM32F7xx_HAL_Driver/stm32f7xx_hal_pcd.o
                0x0000000008002d06                HAL_PCD_EP_Open
 .text.HAL_PCD_EP_Close
                0x0000000008002dd6       0x94 ./Drivers/STM32F7xx_HAL_Driver/stm32f7xx_hal_pcd.o
                0x0000000008002dd6                HAL_PCD_EP_Close
 .text.HAL_PCD_EP_Receive
                0x0000000008002e6a       0x96 ./Drivers/STM32F7xx_HAL_Driver/stm32f7xx_hal_pcd.o
                0x0000000008002e6a                HAL_PCD_EP_Receive
 .text.HAL_PCD_EP_GetRxCount
                0x0000000008002f00       0x30 ./Drivers/STM32F7xx_HAL_Driver/stm32f7xx_hal_pcd.o
                0x0000000008002f00                HAL_PCD_EP_GetRxCount
 .text.HAL_PCD_EP_Transmit
                0x0000000008002f30       0x94 ./Drivers/STM32F7xx_HAL_Driver/stm32f7xx_hal_pcd.o
                0x0000000008002f30                HAL_PCD_EP_Transmit
 .text.HAL_PCD_EP_SetStall
                0x0000000008002fc4       0xc8 ./Drivers/STM32F7xx_HAL_Driver/stm32f7xx_hal_pcd.o
                0x0000000008002fc4                HAL_PCD_EP_SetStall
 .text.HAL_PCD_EP_ClrStall
                0x000000000800308c       0xac ./Drivers/STM32F7xx_HAL_Driver/stm32f7xx_hal_pcd.o
                0x000000000800308c                HAL_PCD_EP_ClrStall
 .text.HAL_PCD_EP_Flush
                0x0000000008003138       0x5a ./Drivers/STM32F7xx_HAL_Driver/stm32f7xx_hal_pcd.o
                0x0000000008003138                HAL_PCD_EP_Flush
 .text.PCD_WriteEmptyTxFifo
                0x0000000008003192      0x11a ./Drivers/STM32F7xx_HAL_Driver/stm32f7xx_hal_pcd.o
 .text.PCD_EP_OutXfrComplete_int
                0x00000000080032ac      0x218 ./Drivers/STM32F7xx_HAL_Driver/stm32f7xx_hal_pcd.o
 .text.PCD_EP_OutSetupPacket_int
                0x00000000080034c4       0x8c ./Drivers/STM32F7xx_HAL_Driver/stm32f7xx_hal_pcd.o
 .text.HAL_PCDEx_SetTxFiFo
                0x0000000008003550       0x8e ./Drivers/STM32F7xx_HAL_Driver/stm32f7xx_hal_pcd_ex.o
                0x0000000008003550                HAL_PCDEx_SetTxFiFo
 .text.HAL_PCDEx_SetRxFiFo
                0x00000000080035de       0x22 ./Drivers/STM32F7xx_HAL_Driver/stm32f7xx_hal_pcd_ex.o
                0x00000000080035de                HAL_PCDEx_SetRxFiFo
 .text.HAL_PCDEx_ActivateLPM
                0x0000000008003600       0x48 ./Drivers/STM32F7xx_HAL_Driver/stm32f7xx_hal_pcd_ex.o
                0x0000000008003600                HAL_PCDEx_ActivateLPM
 .text.HAL_PWREx_EnableOverDrive
                0x0000000008003648       0xa0 ./Drivers/STM32F7xx_HAL_Driver/stm32f7xx_hal_pwr_ex.o
                0x0000000008003648                HAL_PWREx_EnableOverDrive
 .text.HAL_RCC_OscConfig
                0x00000000080036e8      0x548 ./Drivers/STM32F7xx_HAL_Driver/stm32f7xx_hal_rcc.o
                0x00000000080036e8                HAL_RCC_OscConfig
 .text.HAL_RCC_ClockConfig
                0x0000000008003c30      0x1d8 ./Drivers/STM32F7xx_HAL_Driver/stm32f7xx_hal_rcc.o
                0x0000000008003c30                HAL_RCC_ClockConfig
 .text.HAL_RCC_GetSysClockFreq
                0x0000000008003e08      0x18c ./Drivers/STM32F7xx_HAL_Driver/stm32f7xx_hal_rcc.o
                0x0000000008003e08                HAL_RCC_GetSysClockFreq
 .text.HAL_RCC_GetHCLKFreq
                0x0000000008003f94       0x18 ./Drivers/STM32F7xx_HAL_Driver/stm32f7xx_hal_rcc.o
                0x0000000008003f94                HAL_RCC_GetHCLKFreq
 .text.HAL_RCC_GetPCLK1Freq
                0x0000000008003fac       0x28 ./Drivers/STM32F7xx_HAL_Driver/stm32f7xx_hal_rcc.o
                0x0000000008003fac                HAL_RCC_GetPCLK1Freq
 .text.HAL_RCC_GetPCLK2Freq
                0x0000000008003fd4       0x28 ./Drivers/STM32F7xx_HAL_Driver/stm32f7xx_hal_rcc.o
                0x0000000008003fd4                HAL_RCC_GetPCLK2Freq
 .text.HAL_RCCEx_PeriphCLKConfig
                0x0000000008003ffc      0x7e0 ./Drivers/STM32F7xx_HAL_Driver/stm32f7xx_hal_rcc_ex.o
                0x0000000008003ffc                HAL_RCCEx_PeriphCLKConfig
 .text.HAL_RTC_Init
                0x00000000080047dc      0x124 ./Drivers/STM32F7xx_HAL_Driver/stm32f7xx_hal_rtc.o
                0x00000000080047dc                HAL_RTC_Init
 .text.HAL_RTC_WaitForSynchro
                0x0000000008004900       0x50 ./Drivers/STM32F7xx_HAL_Driver/stm32f7xx_hal_rtc.o
                0x0000000008004900                HAL_RTC_WaitForSynchro
 .text.RTC_EnterInitMode
                0x0000000008004950       0x58 ./Drivers/STM32F7xx_HAL_Driver/stm32f7xx_hal_rtc.o
                0x0000000008004950                RTC_EnterInitMode
 .text.HAL_SD_Init
                0x00000000080049a8       0x60 ./Drivers/STM32F7xx_HAL_Driver/stm32f7xx_hal_sd.o
                0x00000000080049a8                HAL_SD_Init
 .text.HAL_SD_InitCard
                0x0000000008004a08      0x110 ./Drivers/STM32F7xx_HAL_Driver/stm32f7xx_hal_sd.o
                0x0000000008004a08                HAL_SD_InitCard
 .text.HAL_SD_ReadBlocks_DMA
                0x0000000008004b18      0x1c4 ./Drivers/STM32F7xx_HAL_Driver/stm32f7xx_hal_sd.o
                0x0000000008004b18                HAL_SD_ReadBlocks_DMA
 .text.HAL_SD_WriteBlocks_DMA
                0x0000000008004cdc      0x1cc ./Drivers/STM32F7xx_HAL_Driver/stm32f7xx_hal_sd.o
                0x0000000008004cdc                HAL_SD_WriteBlocks_DMA
 .text.HAL_SD_ErrorCallback
                0x0000000008004ea8       0x14 ./Drivers/STM32F7xx_HAL_Driver/stm32f7xx_hal_sd.o
                0x0000000008004ea8                HAL_SD_ErrorCallback
 .text.HAL_SD_GetCardCSD
                0x0000000008004ebc      0x348 ./Drivers/STM32F7xx_HAL_Driver/stm32f7xx_hal_sd.o
                0x0000000008004ebc                HAL_SD_GetCardCSD
 .text.HAL_SD_GetCardInfo
                0x0000000008005204       0x58 ./Drivers/STM32F7xx_HAL_Driver/stm32f7xx_hal_sd.o
                0x0000000008005204                HAL_SD_GetCardInfo
 .text.HAL_SD_ConfigWideBusOperation
                0x000000000800525c      0x134 ./Drivers/STM32F7xx_HAL_Driver/stm32f7xx_hal_sd.o
                0x000000000800525c                HAL_SD_ConfigWideBusOperation
 .text.HAL_SD_GetCardState
                0x0000000008005390       0x40 ./Drivers/STM32F7xx_HAL_Driver/stm32f7xx_hal_sd.o
                0x0000000008005390                HAL_SD_GetCardState
 .text.SD_DMATransmitCplt
                0x00000000080053d0       0x2a ./Drivers/STM32F7xx_HAL_Driver/stm32f7xx_hal_sd.o
 .text.SD_DMAReceiveCplt
                0x00000000080053fa       0x70 ./Drivers/STM32F7xx_HAL_Driver/stm32f7xx_hal_sd.o
 *fill*         0x000000000800546a        0x2 
 .text.SD_DMAError
                0x000000000800546c       0xa4 ./Drivers/STM32F7xx_HAL_Driver/stm32f7xx_hal_sd.o
 .text.SD_InitCard
                0x0000000008005510      0x19c ./Drivers/STM32F7xx_HAL_Driver/stm32f7xx_hal_sd.o
 .text.SD_PowerON
                0x00000000080056ac      0x11c ./Drivers/STM32F7xx_HAL_Driver/stm32f7xx_hal_sd.o
 .text.SD_SendStatus
                0x00000000080057c8       0x50 ./Drivers/STM32F7xx_HAL_Driver/stm32f7xx_hal_sd.o
 .text.SD_WideBus_Enable
                0x0000000008005818       0x96 ./Drivers/STM32F7xx_HAL_Driver/stm32f7xx_hal_sd.o
 .text.SD_WideBus_Disable
                0x00000000080058ae       0x96 ./Drivers/STM32F7xx_HAL_Driver/stm32f7xx_hal_sd.o
 .text.SD_FindSCR
                0x0000000008005944      0x1a6 ./Drivers/STM32F7xx_HAL_Driver/stm32f7xx_hal_sd.o
 .text.HAL_TIM_PWM_Init
                0x0000000008005aea       0xae ./Drivers/STM32F7xx_HAL_Driver/stm32f7xx_hal_tim.o
                0x0000000008005aea                HAL_TIM_PWM_Init
 .text.HAL_TIM_IC_Init
                0x0000000008005b98       0xae ./Drivers/STM32F7xx_HAL_Driver/stm32f7xx_hal_tim.o
                0x0000000008005b98                HAL_TIM_IC_Init
 *fill*         0x0000000008005c46        0x2 
 .text.HAL_TIM_Encoder_Init
                0x0000000008005c48      0x14c ./Drivers/STM32F7xx_HAL_Driver/stm32f7xx_hal_tim.o
                0x0000000008005c48                HAL_TIM_Encoder_Init
 .text.HAL_TIM_IC_ConfigChannel
                0x0000000008005d94      0x138 ./Drivers/STM32F7xx_HAL_Driver/stm32f7xx_hal_tim.o
                0x0000000008005d94                HAL_TIM_IC_ConfigChannel
 .text.HAL_TIM_PWM_ConfigChannel
                0x0000000008005ecc      0x228 ./Drivers/STM32F7xx_HAL_Driver/stm32f7xx_hal_tim.o
                0x0000000008005ecc                HAL_TIM_PWM_ConfigChannel
 .text.HAL_TIM_SlaveConfigSynchro
                0x00000000080060f4       0x84 ./Drivers/STM32F7xx_HAL_Driver/stm32f7xx_hal_tim.o
                0x00000000080060f4                HAL_TIM_SlaveConfigSynchro
 .text.TIM_Base_SetConfig
                0x0000000008006178      0x140 ./Drivers/STM32F7xx_HAL_Driver/stm32f7xx_hal_tim.o
                0x0000000008006178                TIM_Base_SetConfig
 .text.TIM_OC1_SetConfig
                0x00000000080062b8       0xe4 ./Drivers/STM32F7xx_HAL_Driver/stm32f7xx_hal_tim.o
 .text.TIM_OC2_SetConfig
                0x000000000800639c       0xf0 ./Drivers/STM32F7xx_HAL_Driver/stm32f7xx_hal_tim.o
                0x000000000800639c                TIM_OC2_SetConfig
 .text.TIM_OC3_SetConfig
                0x000000000800648c       0xec ./Drivers/STM32F7xx_HAL_Driver/stm32f7xx_hal_tim.o
 .text.TIM_OC4_SetConfig
                0x0000000008006578       0xb0 ./Drivers/STM32F7xx_HAL_Driver/stm32f7xx_hal_tim.o
 .text.TIM_OC5_SetConfig
                0x0000000008006628       0xa4 ./Drivers/STM32F7xx_HAL_Driver/stm32f7xx_hal_tim.o
 .text.TIM_OC6_SetConfig
                0x00000000080066cc       0xa8 ./Drivers/STM32F7xx_HAL_Driver/stm32f7xx_hal_tim.o
 .text.TIM_SlaveTimer_SetConfig
                0x0000000008006774      0x128 ./Drivers/STM32F7xx_HAL_Driver/stm32f7xx_hal_tim.o
 .text.TIM_TI1_SetConfig
                0x000000000800689c       0xe8 ./Drivers/STM32F7xx_HAL_Driver/stm32f7xx_hal_tim.o
                0x000000000800689c                TIM_TI1_SetConfig
 .text.TIM_TI1_ConfigInputStage
                0x0000000008006984       0x5e ./Drivers/STM32F7xx_HAL_Driver/stm32f7xx_hal_tim.o
 .text.TIM_TI2_SetConfig
                0x00000000080069e2       0x7a ./Drivers/STM32F7xx_HAL_Driver/stm32f7xx_hal_tim.o
 .text.TIM_TI2_ConfigInputStage
                0x0000000008006a5c       0x60 ./Drivers/STM32F7xx_HAL_Driver/stm32f7xx_hal_tim.o
 .text.TIM_TI3_SetConfig
                0x0000000008006abc       0x78 ./Drivers/STM32F7xx_HAL_Driver/stm32f7xx_hal_tim.o
 .text.TIM_TI4_SetConfig
                0x0000000008006b34       0x7a ./Drivers/STM32F7xx_HAL_Driver/stm32f7xx_hal_tim.o
 .text.TIM_ETR_SetConfig
                0x0000000008006bae       0x40 ./Drivers/STM32F7xx_HAL_Driver/stm32f7xx_hal_tim.o
                0x0000000008006bae                TIM_ETR_SetConfig
 *fill*         0x0000000008006bee        0x2 
 .text.HAL_TIMEx_MasterConfigSynchronization
                0x0000000008006bf0      0x11c ./Drivers/STM32F7xx_HAL_Driver/stm32f7xx_hal_tim_ex.o
                0x0000000008006bf0                HAL_TIMEx_MasterConfigSynchronization
 .text.HAL_UART_Init
                0x0000000008006d0c       0x9c ./Drivers/STM32F7xx_HAL_Driver/stm32f7xx_hal_uart.o
                0x0000000008006d0c                HAL_UART_Init
 .text.UART_SetConfig
                0x0000000008006da8      0x4c8 ./Drivers/STM32F7xx_HAL_Driver/stm32f7xx_hal_uart.o
                0x0000000008006da8                UART_SetConfig
 .text.UART_AdvFeatureConfig
                0x0000000008007270      0x144 ./Drivers/STM32F7xx_HAL_Driver/stm32f7xx_hal_uart.o
                0x0000000008007270                UART_AdvFeatureConfig
 .text.UART_CheckIdleState
                0x00000000080073b4       0x66 ./Drivers/STM32F7xx_HAL_Driver/stm32f7xx_hal_uart.o
                0x00000000080073b4                UART_CheckIdleState
 .text.UART_WaitOnFlagUntilTimeout
                0x000000000800741a      0x188 ./Drivers/STM32F7xx_HAL_Driver/stm32f7xx_hal_uart.o
                0x000000000800741a                UART_WaitOnFlagUntilTimeout
 *fill*         0x00000000080075a2        0x2 
 .text.SDMMC_Init
                0x00000000080075a4       0x58 ./Drivers/STM32F7xx_HAL_Driver/stm32f7xx_ll_sdmmc.o
                0x00000000080075a4                SDMMC_Init
 .text.SDMMC_ReadFIFO
                0x00000000080075fc       0x1a ./Drivers/STM32F7xx_HAL_Driver/stm32f7xx_ll_sdmmc.o
                0x00000000080075fc                SDMMC_ReadFIFO
 .text.SDMMC_PowerState_ON
                0x0000000008007616       0x1c ./Drivers/STM32F7xx_HAL_Driver/stm32f7xx_ll_sdmmc.o
                0x0000000008007616                SDMMC_PowerState_ON
 .text.SDMMC_GetPowerState
                0x0000000008007632       0x1c ./Drivers/STM32F7xx_HAL_Driver/stm32f7xx_ll_sdmmc.o
                0x0000000008007632                SDMMC_GetPowerState
 *fill*         0x000000000800764e        0x2 
 .text.SDMMC_SendCommand
                0x0000000008007650       0x54 ./Drivers/STM32F7xx_HAL_Driver/stm32f7xx_ll_sdmmc.o
                0x0000000008007650                SDMMC_SendCommand
 .text.SDMMC_GetCommandResponse
                0x00000000080076a4       0x1a ./Drivers/STM32F7xx_HAL_Driver/stm32f7xx_ll_sdmmc.o
                0x00000000080076a4                SDMMC_GetCommandResponse
 .text.SDMMC_GetResponse
                0x00000000080076be       0x26 ./Drivers/STM32F7xx_HAL_Driver/stm32f7xx_ll_sdmmc.o
                0x00000000080076be                SDMMC_GetResponse
 .text.SDMMC_ConfigData
                0x00000000080076e4       0x58 ./Drivers/STM32F7xx_HAL_Driver/stm32f7xx_ll_sdmmc.o
                0x00000000080076e4                SDMMC_ConfigData
 .text.SDMMC_CmdBlockLength
                0x000000000800773c       0x44 ./Drivers/STM32F7xx_HAL_Driver/stm32f7xx_ll_sdmmc.o
                0x000000000800773c                SDMMC_CmdBlockLength
 .text.SDMMC_CmdReadSingleBlock
                0x0000000008007780       0x44 ./Drivers/STM32F7xx_HAL_Driver/stm32f7xx_ll_sdmmc.o
                0x0000000008007780                SDMMC_CmdReadSingleBlock
 .text.SDMMC_CmdReadMultiBlock
                0x00000000080077c4       0x44 ./Drivers/STM32F7xx_HAL_Driver/stm32f7xx_ll_sdmmc.o
                0x00000000080077c4                SDMMC_CmdReadMultiBlock
 .text.SDMMC_CmdWriteSingleBlock
                0x0000000008007808       0x44 ./Drivers/STM32F7xx_HAL_Driver/stm32f7xx_ll_sdmmc.o
                0x0000000008007808                SDMMC_CmdWriteSingleBlock
 .text.SDMMC_CmdWriteMultiBlock
                0x000000000800784c       0x44 ./Drivers/STM32F7xx_HAL_Driver/stm32f7xx_ll_sdmmc.o
                0x000000000800784c                SDMMC_CmdWriteMultiBlock
 .text.SDMMC_CmdStopTransfer
                0x0000000008007890       0x44 ./Drivers/STM32F7xx_HAL_Driver/stm32f7xx_ll_sdmmc.o
                0x0000000008007890                SDMMC_CmdStopTransfer
 .text.SDMMC_CmdSelDesel
                0x00000000080078d4       0x46 ./Drivers/STM32F7xx_HAL_Driver/stm32f7xx_ll_sdmmc.o
                0x00000000080078d4                SDMMC_CmdSelDesel
 .text.SDMMC_CmdGoIdleState
                0x000000000800791a       0x3c ./Drivers/STM32F7xx_HAL_Driver/stm32f7xx_ll_sdmmc.o
                0x000000000800791a                SDMMC_CmdGoIdleState
 .text.SDMMC_CmdOperCond
                0x0000000008007956       0x3e ./Drivers/STM32F7xx_HAL_Driver/stm32f7xx_ll_sdmmc.o
                0x0000000008007956                SDMMC_CmdOperCond
 .text.SDMMC_CmdAppCommand
                0x0000000008007994       0x44 ./Drivers/STM32F7xx_HAL_Driver/stm32f7xx_ll_sdmmc.o
                0x0000000008007994                SDMMC_CmdAppCommand
 .text.SDMMC_CmdAppOperCommand
                0x00000000080079d8       0x48 ./Drivers/STM32F7xx_HAL_Driver/stm32f7xx_ll_sdmmc.o
                0x00000000080079d8                SDMMC_CmdAppOperCommand
 .text.SDMMC_CmdBusWidth
                0x0000000008007a20       0x44 ./Drivers/STM32F7xx_HAL_Driver/stm32f7xx_ll_sdmmc.o
                0x0000000008007a20                SDMMC_CmdBusWidth
 .text.SDMMC_CmdSendSCR
                0x0000000008007a64       0x42 ./Drivers/STM32F7xx_HAL_Driver/stm32f7xx_ll_sdmmc.o
                0x0000000008007a64                SDMMC_CmdSendSCR
 .text.SDMMC_CmdSendCID
                0x0000000008007aa6       0x3c ./Drivers/STM32F7xx_HAL_Driver/stm32f7xx_ll_sdmmc.o
                0x0000000008007aa6                SDMMC_CmdSendCID
 .text.SDMMC_CmdSendCSD
                0x0000000008007ae2       0x3e ./Drivers/STM32F7xx_HAL_Driver/stm32f7xx_ll_sdmmc.o
                0x0000000008007ae2                SDMMC_CmdSendCSD
 .text.SDMMC_CmdSetRelAdd
                0x0000000008007b20       0x42 ./Drivers/STM32F7xx_HAL_Driver/stm32f7xx_ll_sdmmc.o
                0x0000000008007b20                SDMMC_CmdSetRelAdd
 .text.SDMMC_CmdSendStatus
                0x0000000008007b62       0x44 ./Drivers/STM32F7xx_HAL_Driver/stm32f7xx_ll_sdmmc.o
                0x0000000008007b62                SDMMC_CmdSendStatus
 *fill*         0x0000000008007ba6        0x2 
 .text.SDMMC_GetCmdResp1
                0x0000000008007ba8      0x1dc ./Drivers/STM32F7xx_HAL_Driver/stm32f7xx_ll_sdmmc.o
                0x0000000008007ba8                SDMMC_GetCmdResp1
 .text.SDMMC_GetCmdResp2
                0x0000000008007d84       0x90 ./Drivers/STM32F7xx_HAL_Driver/stm32f7xx_ll_sdmmc.o
                0x0000000008007d84                SDMMC_GetCmdResp2
 .text.SDMMC_GetCmdResp3
                0x0000000008007e14       0x7c ./Drivers/STM32F7xx_HAL_Driver/stm32f7xx_ll_sdmmc.o
                0x0000000008007e14                SDMMC_GetCmdResp3
 .text.SDMMC_GetCmdResp6
                0x0000000008007e90       0xec ./Drivers/STM32F7xx_HAL_Driver/stm32f7xx_ll_sdmmc.o
                0x0000000008007e90                SDMMC_GetCmdResp6
 .text.SDMMC_GetCmdResp7
                0x0000000008007f7c       0x9c ./Drivers/STM32F7xx_HAL_Driver/stm32f7xx_ll_sdmmc.o
                0x0000000008007f7c                SDMMC_GetCmdResp7
 .text.SDMMC_GetCmdError
                0x0000000008008018       0x58 ./Drivers/STM32F7xx_HAL_Driver/stm32f7xx_ll_sdmmc.o
 .text.USB_CoreInit
                0x0000000008008070       0xb0 ./Drivers/STM32F7xx_HAL_Driver/stm32f7xx_ll_usb.o
                0x0000000008008070                USB_CoreInit
 .text.USB_SetTurnaroundTime
                0x0000000008008120      0x144 ./Drivers/STM32F7xx_HAL_Driver/stm32f7xx_ll_usb.o
                0x0000000008008120                USB_SetTurnaroundTime
 .text.USB_EnableGlobalInt
                0x0000000008008264       0x22 ./Drivers/STM32F7xx_HAL_Driver/stm32f7xx_ll_usb.o
                0x0000000008008264                USB_EnableGlobalInt
 .text.USB_DisableGlobalInt
                0x0000000008008286       0x22 ./Drivers/STM32F7xx_HAL_Driver/stm32f7xx_ll_usb.o
                0x0000000008008286                USB_DisableGlobalInt
 .text.USB_SetCurrentMode
                0x00000000080082a8       0x98 ./Drivers/STM32F7xx_HAL_Driver/stm32f7xx_ll_usb.o
                0x00000000080082a8                USB_SetCurrentMode
 .text.USB_DevInit
                0x0000000008008340      0x2bc ./Drivers/STM32F7xx_HAL_Driver/stm32f7xx_ll_usb.o
                0x0000000008008340                USB_DevInit
 .text.USB_FlushTxFifo
                0x00000000080085fc       0x64 ./Drivers/STM32F7xx_HAL_Driver/stm32f7xx_ll_usb.o
                0x00000000080085fc                USB_FlushTxFifo
 .text.USB_FlushRxFifo
                0x0000000008008660       0x5c ./Drivers/STM32F7xx_HAL_Driver/stm32f7xx_ll_usb.o
                0x0000000008008660                USB_FlushRxFifo
 .text.USB_SetDevSpeed
                0x00000000080086bc       0x32 ./Drivers/STM32F7xx_HAL_Driver/stm32f7xx_ll_usb.o
                0x00000000080086bc                USB_SetDevSpeed
 .text.USB_GetDevSpeed
                0x00000000080086ee       0x4a ./Drivers/STM32F7xx_HAL_Driver/stm32f7xx_ll_usb.o
                0x00000000080086ee                USB_GetDevSpeed
 .text.USB_ActivateEndpoint
                0x0000000008008738      0x110 ./Drivers/STM32F7xx_HAL_Driver/stm32f7xx_ll_usb.o
                0x0000000008008738                USB_ActivateEndpoint
 .text.USB_DeactivateEndpoint
                0x0000000008008848      0x1b8 ./Drivers/STM32F7xx_HAL_Driver/stm32f7xx_ll_usb.o
                0x0000000008008848                USB_DeactivateEndpoint
 .text.USB_EPStartXfer
                0x0000000008008a00      0x498 ./Drivers/STM32F7xx_HAL_Driver/stm32f7xx_ll_usb.o
                0x0000000008008a00                USB_EPStartXfer
 .text.USB_EP0StartXfer
                0x0000000008008e98      0x2b0 ./Drivers/STM32F7xx_HAL_Driver/stm32f7xx_ll_usb.o
                0x0000000008008e98                USB_EP0StartXfer
 .text.USB_WritePacket
                0x0000000008009148       0x7c ./Drivers/STM32F7xx_HAL_Driver/stm32f7xx_ll_usb.o
                0x0000000008009148                USB_WritePacket
 .text.USB_ReadPacket
                0x00000000080091c4       0xb0 ./Drivers/STM32F7xx_HAL_Driver/stm32f7xx_ll_usb.o
                0x00000000080091c4                USB_ReadPacket
 .text.USB_EPSetStall
                0x0000000008009274       0xdc ./Drivers/STM32F7xx_HAL_Driver/stm32f7xx_ll_usb.o
                0x0000000008009274                USB_EPSetStall
 .text.USB_EPClearStall
                0x0000000008009350       0xcc ./Drivers/STM32F7xx_HAL_Driver/stm32f7xx_ll_usb.o
                0x0000000008009350                USB_EPClearStall
 .text.USB_SetDevAddress
                0x000000000800941c       0x4c ./Drivers/STM32F7xx_HAL_Driver/stm32f7xx_ll_usb.o
                0x000000000800941c                USB_SetDevAddress
 .text.USB_DevConnect
                0x0000000008009468       0x42 ./Drivers/STM32F7xx_HAL_Driver/stm32f7xx_ll_usb.o
                0x0000000008009468                USB_DevConnect
 .text.USB_DevDisconnect
                0x00000000080094aa       0x42 ./Drivers/STM32F7xx_HAL_Driver/stm32f7xx_ll_usb.o
                0x00000000080094aa                USB_DevDisconnect
 .text.USB_ReadInterrupts
                0x00000000080094ec       0x26 ./Drivers/STM32F7xx_HAL_Driver/stm32f7xx_ll_usb.o
                0x00000000080094ec                USB_ReadInterrupts
 .text.USB_ReadDevAllOutEpInterrupt
                0x0000000008009512       0x34 ./Drivers/STM32F7xx_HAL_Driver/stm32f7xx_ll_usb.o
                0x0000000008009512                USB_ReadDevAllOutEpInterrupt
 .text.USB_ReadDevAllInEpInterrupt
                0x0000000008009546       0x34 ./Drivers/STM32F7xx_HAL_Driver/stm32f7xx_ll_usb.o
                0x0000000008009546                USB_ReadDevAllInEpInterrupt
 .text.USB_ReadDevOutEPInterrupt
                0x000000000800957a       0x3c ./Drivers/STM32F7xx_HAL_Driver/stm32f7xx_ll_usb.o
                0x000000000800957a                USB_ReadDevOutEPInterrupt
 .text.USB_ReadDevInEPInterrupt
                0x00000000080095b6       0x5c ./Drivers/STM32F7xx_HAL_Driver/stm32f7xx_ll_usb.o
                0x00000000080095b6                USB_ReadDevInEPInterrupt
 .text.USB_GetMode
                0x0000000008009612       0x1c ./Drivers/STM32F7xx_HAL_Driver/stm32f7xx_ll_usb.o
                0x0000000008009612                USB_GetMode
 *fill*         0x000000000800962e        0x2 
 .text.USB_ActivateSetup
                0x0000000008009630       0x48 ./Drivers/STM32F7xx_HAL_Driver/stm32f7xx_ll_usb.o
                0x0000000008009630                USB_ActivateSetup
 .text.USB_EP0_OutStart
                0x0000000008009678       0xbc ./Drivers/STM32F7xx_HAL_Driver/stm32f7xx_ll_usb.o
                0x0000000008009678                USB_EP0_OutStart
 .text.USB_CoreReset
                0x0000000008009734       0x64 ./Drivers/STM32F7xx_HAL_Driver/stm32f7xx_ll_usb.o
 .text.MX_FATFS_Init
                0x0000000008009798       0x24 ./FATFS/App/fatfs.o
                0x0000000008009798                MX_FATFS_Init
 .text.BSP_SD_Init
                0x00000000080097bc       0x4c ./FATFS/Target/bsp_driver_sd.o
                0x00000000080097bc                BSP_SD_Init
 .text.BSP_SD_ReadBlocks_DMA
                0x0000000008009808       0x34 ./FATFS/Target/bsp_driver_sd.o
                0x0000000008009808                BSP_SD_ReadBlocks_DMA
 .text.BSP_SD_WriteBlocks_DMA
                0x000000000800983c       0x34 ./FATFS/Target/bsp_driver_sd.o
                0x000000000800983c                BSP_SD_WriteBlocks_DMA
 .text.BSP_SD_GetCardState
                0x0000000008009870       0x20 ./FATFS/Target/bsp_driver_sd.o
                0x0000000008009870                BSP_SD_GetCardState
 .text.BSP_SD_GetCardInfo
                0x0000000008009890       0x1c ./FATFS/Target/bsp_driver_sd.o
                0x0000000008009890                BSP_SD_GetCardInfo
 .text.HAL_SD_RxCpltCallback
                0x00000000080098ac       0x14 ./FATFS/Target/bsp_driver_sd.o
                0x00000000080098ac                HAL_SD_RxCpltCallback
 .text.BSP_SD_IsDetected
                0x00000000080098c0       0x1a ./FATFS/Target/bsp_driver_sd.o
                0x00000000080098c0                BSP_SD_IsDetected
 .text.SD_CheckStatusWithTimeout
                0x00000000080098da       0x3a ./FATFS/Target/sd_diskio.o
 .text.SD_CheckStatus
                0x0000000008009914       0x3c ./FATFS/Target/sd_diskio.o
 .text.SD_initialize
                0x0000000008009950       0x84 ./FATFS/Target/sd_diskio.o
                0x0000000008009950                SD_initialize
 .text.SD_status
                0x00000000080099d4       0x1c ./FATFS/Target/sd_diskio.o
                0x00000000080099d4                SD_status
 .text.SD_read  0x00000000080099f0       0x94 ./FATFS/Target/sd_diskio.o
                0x00000000080099f0                SD_read
 .text.SD_write
                0x0000000008009a84       0x90 ./FATFS/Target/sd_diskio.o
                0x0000000008009a84                SD_write
 .text.SD_ioctl
                0x0000000008009b14       0xb0 ./FATFS/Target/sd_diskio.o
                0x0000000008009b14                SD_ioctl
 .text.BSP_SD_ReadCpltCallback
                0x0000000008009bc4       0x24 ./FATFS/Target/sd_diskio.o
                0x0000000008009bc4                BSP_SD_ReadCpltCallback
 .text.FATFS_LinkDriverEx
                0x0000000008009be8       0x98 ./Middlewares/FatFs/ff_gen_drv.o
                0x0000000008009be8                FATFS_LinkDriverEx
 .text.FATFS_LinkDriver
                0x0000000008009c80       0x1e ./Middlewares/FatFs/ff_gen_drv.o
                0x0000000008009c80                FATFS_LinkDriver
 .text.SVC_Setup
                0x0000000008009c9e        0xe ./Middlewares/FreeRTOS/cmsis_os2.o
 .text.osKernelInitialize
                0x0000000008009cac       0x68 ./Middlewares/FreeRTOS/cmsis_os2.o
                0x0000000008009cac                osKernelInitialize
 .text.osKernelGetState
                0x0000000008009d14       0x44 ./Middlewares/FreeRTOS/cmsis_os2.o
                0x0000000008009d14                osKernelGetState
 .text.osKernelStart
                0x0000000008009d58       0x6c ./Middlewares/FreeRTOS/cmsis_os2.o
                0x0000000008009d58                osKernelStart
 .text.osKernelGetTickCount
                0x0000000008009dc4       0x50 ./Middlewares/FreeRTOS/cmsis_os2.o
                0x0000000008009dc4                osKernelGetTickCount
 .text.osThreadNew
                0x0000000008009e14      0x14c ./Middlewares/FreeRTOS/cmsis_os2.o
                0x0000000008009e14                osThreadNew
 .text.osDelay  0x0000000008009f60       0x5c ./Middlewares/FreeRTOS/cmsis_os2.o
                0x0000000008009f60                osDelay
 .text.osMessageQueueNew
                0x0000000008009fbc      0x10c ./Middlewares/FreeRTOS/cmsis_os2.o
                0x0000000008009fbc                osMessageQueueNew
 .text.osMessageQueuePut
                0x000000000800a0c8       0xe8 ./Middlewares/FreeRTOS/cmsis_os2.o
                0x000000000800a0c8                osMessageQueuePut
 .text.osMessageQueueGet
                0x000000000800a1b0       0xe4 ./Middlewares/FreeRTOS/cmsis_os2.o
                0x000000000800a1b0                osMessageQueueGet
 .text.vApplicationGetIdleTaskMemory
                0x000000000800a294       0x34 ./Middlewares/FreeRTOS/cmsis_os2.o
                0x000000000800a294                vApplicationGetIdleTaskMemory
 .text.vApplicationGetTimerTaskMemory
                0x000000000800a2c8       0x34 ./Middlewares/FreeRTOS/cmsis_os2.o
                0x000000000800a2c8                vApplicationGetTimerTaskMemory
 .text.pvPortMalloc
                0x000000000800a2fc      0x194 ./Middlewares/FreeRTOS/heap_4.o
                0x000000000800a2fc                pvPortMalloc
 .text.vPortFree
                0x000000000800a490       0xbc ./Middlewares/FreeRTOS/heap_4.o
                0x000000000800a490                vPortFree
 .text.prvHeapInit
                0x000000000800a54c       0xc4 ./Middlewares/FreeRTOS/heap_4.o
 .text.prvInsertBlockIntoFreeList
                0x000000000800a610       0xb4 ./Middlewares/FreeRTOS/heap_4.o
 .text.vListInitialise
                0x000000000800a6c4       0x40 ./Middlewares/FreeRTOS/list.o
                0x000000000800a6c4                vListInitialise
 .text.vListInitialiseItem
                0x000000000800a704       0x1a ./Middlewares/FreeRTOS/list.o
                0x000000000800a704                vListInitialiseItem
 .text.vListInsertEnd
                0x000000000800a71e       0x48 ./Middlewares/FreeRTOS/list.o
                0x000000000800a71e                vListInsertEnd
 .text.vListInsert
                0x000000000800a766       0x72 ./Middlewares/FreeRTOS/list.o
                0x000000000800a766                vListInsert
 .text.uxListRemove
                0x000000000800a7d8       0x54 ./Middlewares/FreeRTOS/list.o
                0x000000000800a7d8                uxListRemove
 .text.pxPortInitialiseStack
                0x000000000800a82c       0x68 ./Middlewares/FreeRTOS/port.o
                0x000000000800a82c                pxPortInitialiseStack
 .text.prvTaskExitError
                0x000000000800a894       0x60 ./Middlewares/FreeRTOS/port.o
 *fill*         0x000000000800a8f4        0xc 
 .text.SVC_Handler
                0x000000000800a900       0x28 ./Middlewares/FreeRTOS/port.o
                0x000000000800a900                SVC_Handler
 .text.prvPortStartFirstTask
                0x000000000800a928       0x28 ./Middlewares/FreeRTOS/port.o
 .text.xPortStartScheduler
                0x000000000800a950       0xfc ./Middlewares/FreeRTOS/port.o
                0x000000000800a950                xPortStartScheduler
 .text.vPortEnterCritical
                0x000000000800aa4c       0x68 ./Middlewares/FreeRTOS/port.o
                0x000000000800aa4c                vPortEnterCritical
 .text.vPortExitCritical
                0x000000000800aab4       0x58 ./Middlewares/FreeRTOS/port.o
                0x000000000800aab4                vPortExitCritical
 *fill*         0x000000000800ab0c        0x4 
 .text.PendSV_Handler
                0x000000000800ab10       0x68 ./Middlewares/FreeRTOS/port.o
                0x000000000800ab10                PendSV_Handler
 .text.xPortSysTickHandler
                0x000000000800ab78       0x48 ./Middlewares/FreeRTOS/port.o
                0x000000000800ab78                xPortSysTickHandler
 .text.vPortSetupTimerInterrupt
                0x000000000800abc0       0x48 ./Middlewares/FreeRTOS/port.o
                0x000000000800abc0                vPortSetupTimerInterrupt
 .text.vPortEnableVFP
                0x000000000800ac08       0x14 ./Middlewares/FreeRTOS/port.o
 .text.vPortValidateInterruptPriority
                0x000000000800ac1c       0x88 ./Middlewares/FreeRTOS/port.o
                0x000000000800ac1c                vPortValidateInterruptPriority
 .text.xQueueGenericReset
                0x000000000800aca4       0xd4 ./Middlewares/FreeRTOS/queue.o
                0x000000000800aca4                xQueueGenericReset
 .text.xQueueGenericCreateStatic
                0x000000000800ad78      0x104 ./Middlewares/FreeRTOS/queue.o
                0x000000000800ad78                xQueueGenericCreateStatic
 .text.xQueueGenericCreate
                0x000000000800ae7c       0x84 ./Middlewares/FreeRTOS/queue.o
                0x000000000800ae7c                xQueueGenericCreate
 .text.prvInitialiseNewQueue
                0x000000000800af00       0x46 ./Middlewares/FreeRTOS/queue.o
 *fill*         0x000000000800af46        0x2 
 .text.xQueueGenericSend
                0x000000000800af48      0x20c ./Middlewares/FreeRTOS/queue.o
                0x000000000800af48                xQueueGenericSend
 .text.xQueueGenericSendFromISR
                0x000000000800b154      0x140 ./Middlewares/FreeRTOS/queue.o
                0x000000000800b154                xQueueGenericSendFromISR
 .text.xQueueReceive
                0x000000000800b294      0x1cc ./Middlewares/FreeRTOS/queue.o
                0x000000000800b294                xQueueReceive
 .text.xQueueReceiveFromISR
                0x000000000800b460      0x10c ./Middlewares/FreeRTOS/queue.o
                0x000000000800b460                xQueueReceiveFromISR
 .text.prvCopyDataToQueue
                0x000000000800b56c       0xd4 ./Middlewares/FreeRTOS/queue.o
 .text.prvCopyDataFromQueue
                0x000000000800b640       0x4c ./Middlewares/FreeRTOS/queue.o
 .text.prvUnlockQueue
                0x000000000800b68c       0xa4 ./Middlewares/FreeRTOS/queue.o
 .text.prvIsQueueEmpty
                0x000000000800b730       0x2c ./Middlewares/FreeRTOS/queue.o
 .text.prvIsQueueFull
                0x000000000800b75c       0x30 ./Middlewares/FreeRTOS/queue.o
 .text.vQueueAddToRegistry
                0x000000000800b78c       0x54 ./Middlewares/FreeRTOS/queue.o
                0x000000000800b78c                vQueueAddToRegistry
 .text.vQueueWaitForMessageRestricted
                0x000000000800b7e0       0x68 ./Middlewares/FreeRTOS/queue.o
                0x000000000800b7e0                vQueueWaitForMessageRestricted
 .text.xTaskCreateStatic
                0x000000000800b848       0xc6 ./Middlewares/FreeRTOS/tasks.o
                0x000000000800b848                xTaskCreateStatic
 .text.xTaskCreate
                0x000000000800b90e       0x8a ./Middlewares/FreeRTOS/tasks.o
                0x000000000800b90e                xTaskCreate
 .text.prvInitialiseNewTask
                0x000000000800b998      0x122 ./Middlewares/FreeRTOS/tasks.o
 *fill*         0x000000000800baba        0x2 
 .text.prvAddNewTaskToReadyList
                0x000000000800babc       0xe0 ./Middlewares/FreeRTOS/tasks.o
 .text.vTaskDelay
                0x000000000800bb9c       0x6c ./Middlewares/FreeRTOS/tasks.o
                0x000000000800bb9c                vTaskDelay
 .text.vTaskStartScheduler
                0x000000000800bc08       0xd4 ./Middlewares/FreeRTOS/tasks.o
                0x000000000800bc08                vTaskStartScheduler
 .text.vTaskSuspendAll
                0x000000000800bcdc       0x1c ./Middlewares/FreeRTOS/tasks.o
                0x000000000800bcdc                vTaskSuspendAll
 .text.xTaskResumeAll
                0x000000000800bcf8      0x140 ./Middlewares/FreeRTOS/tasks.o
                0x000000000800bcf8                xTaskResumeAll
 .text.xTaskGetTickCount
                0x000000000800be38       0x20 ./Middlewares/FreeRTOS/tasks.o
                0x000000000800be38                xTaskGetTickCount
 .text.xTaskGetTickCountFromISR
                0x000000000800be58       0x24 ./Middlewares/FreeRTOS/tasks.o
                0x000000000800be58                xTaskGetTickCountFromISR
 .text.xTaskIncrementTick
                0x000000000800be7c      0x178 ./Middlewares/FreeRTOS/tasks.o
                0x000000000800be7c                xTaskIncrementTick
 .text.vTaskSwitchContext
                0x000000000800bff4       0xc0 ./Middlewares/FreeRTOS/tasks.o
                0x000000000800bff4                vTaskSwitchContext
 .text.vTaskPlaceOnEventList
                0x000000000800c0b4       0x4c ./Middlewares/FreeRTOS/tasks.o
                0x000000000800c0b4                vTaskPlaceOnEventList
 .text.vTaskPlaceOnEventListRestricted
                0x000000000800c100       0x5c ./Middlewares/FreeRTOS/tasks.o
                0x000000000800c100                vTaskPlaceOnEventListRestricted
 .text.xTaskRemoveFromEventList
                0x000000000800c15c       0xcc ./Middlewares/FreeRTOS/tasks.o
                0x000000000800c15c                xTaskRemoveFromEventList
 .text.vTaskInternalSetTimeOutState
                0x000000000800c228       0x2c ./Middlewares/FreeRTOS/tasks.o
                0x000000000800c228                vTaskInternalSetTimeOutState
 .text.xTaskCheckForTimeOut
                0x000000000800c254       0xcc ./Middlewares/FreeRTOS/tasks.o
                0x000000000800c254                xTaskCheckForTimeOut
 .text.vTaskMissedYield
                0x000000000800c320       0x18 ./Middlewares/FreeRTOS/tasks.o
                0x000000000800c320                vTaskMissedYield
 .text.prvIdleTask
                0x000000000800c338       0x30 ./Middlewares/FreeRTOS/tasks.o
 .text.prvInitialiseTaskLists
                0x000000000800c368       0x80 ./Middlewares/FreeRTOS/tasks.o
 .text.prvCheckTasksWaitingTermination
                0x000000000800c3e8       0x5c ./Middlewares/FreeRTOS/tasks.o
 .text.prvDeleteTCB
                0x000000000800c444       0x62 ./Middlewares/FreeRTOS/tasks.o
 *fill*         0x000000000800c4a6        0x2 
 .text.prvResetNextTaskUnblockTime
                0x000000000800c4a8       0x40 ./Middlewares/FreeRTOS/tasks.o
 .text.xTaskGetSchedulerState
                0x000000000800c4e8       0x3c ./Middlewares/FreeRTOS/tasks.o
                0x000000000800c4e8                xTaskGetSchedulerState
 .text.xTaskPriorityDisinherit
                0x000000000800c524       0xe4 ./Middlewares/FreeRTOS/tasks.o
                0x000000000800c524                xTaskPriorityDisinherit
 .text.prvAddCurrentTaskToDelayedList
                0x000000000800c608       0xa8 ./Middlewares/FreeRTOS/tasks.o
 .text.xTimerCreateTimerTask
                0x000000000800c6b0       0x94 ./Middlewares/FreeRTOS/timers.o
                0x000000000800c6b0                xTimerCreateTimerTask
 .text.xTimerGenericCommand
                0x000000000800c744       0xa0 ./Middlewares/FreeRTOS/timers.o
                0x000000000800c744                xTimerGenericCommand
 .text.prvProcessExpiredTimer
                0x000000000800c7e4       0x9c ./Middlewares/FreeRTOS/timers.o
 .text.prvTimerTask
                0x000000000800c880       0x24 ./Middlewares/FreeRTOS/timers.o
 .text.prvProcessTimerOrBlockTask
                0x000000000800c8a4       0x9c ./Middlewares/FreeRTOS/timers.o
 .text.prvGetNextExpireTime
                0x000000000800c940       0x48 ./Middlewares/FreeRTOS/timers.o
 .text.prvSampleTimeNow
                0x000000000800c988       0x40 ./Middlewares/FreeRTOS/timers.o
 .text.prvInsertTimerInActiveList
                0x000000000800c9c8       0x84 ./Middlewares/FreeRTOS/timers.o
 .text.prvProcessReceivedCommands
                0x000000000800ca4c      0x1d0 ./Middlewares/FreeRTOS/timers.o
 .text.prvSwitchTimerLists
                0x000000000800cc1c       0xcc ./Middlewares/FreeRTOS/timers.o
 .text.prvCheckForValidListAndQueue
                0x000000000800cce8       0x80 ./Middlewares/FreeRTOS/timers.o
 .text.USBD_Init
                0x000000000800cd68       0x6c ./Middlewares/USB_Device_Library/usbd_core.o
                0x000000000800cd68                USBD_Init
 .text.USBD_RegisterClass
                0x000000000800cdd4       0x42 ./Middlewares/USB_Device_Library/usbd_core.o
                0x000000000800cdd4                USBD_RegisterClass
 .text.USBD_Start
                0x000000000800ce16       0x18 ./Middlewares/USB_Device_Library/usbd_core.o
                0x000000000800ce16                USBD_Start
 .text.USBD_RunTestMode
                0x000000000800ce2e       0x16 ./Middlewares/USB_Device_Library/usbd_core.o
                0x000000000800ce2e                USBD_RunTestMode
 .text.USBD_SetClassConfig
                0x000000000800ce44       0x38 ./Middlewares/USB_Device_Library/usbd_core.o
                0x000000000800ce44                USBD_SetClassConfig
 .text.USBD_ClrClassConfig
                0x000000000800ce7c       0x30 ./Middlewares/USB_Device_Library/usbd_core.o
                0x000000000800ce7c                USBD_ClrClassConfig
 .text.USBD_LL_SetupStage
                0x000000000800ceac       0xaa ./Middlewares/USB_Device_Library/usbd_core.o
                0x000000000800ceac                USBD_LL_SetupStage
 .text.USBD_LL_DataOutStage
                0x000000000800cf56       0xc6 ./Middlewares/USB_Device_Library/usbd_core.o
                0x000000000800cf56                USBD_LL_DataOutStage
 .text.USBD_LL_DataInStage
                0x000000000800d01c      0x12c ./Middlewares/USB_Device_Library/usbd_core.o
                0x000000000800d01c                USBD_LL_DataInStage
 .text.USBD_LL_Reset
                0x000000000800d148       0x82 ./Middlewares/USB_Device_Library/usbd_core.o
                0x000000000800d148                USBD_LL_Reset
 .text.USBD_LL_SetSpeed
                0x000000000800d1ca       0x20 ./Middlewares/USB_Device_Library/usbd_core.o
                0x000000000800d1ca                USBD_LL_SetSpeed
 .text.USBD_LL_Suspend
                0x000000000800d1ea       0x2a ./Middlewares/USB_Device_Library/usbd_core.o
                0x000000000800d1ea                USBD_LL_Suspend
 .text.USBD_LL_Resume
                0x000000000800d214       0x2c ./Middlewares/USB_Device_Library/usbd_core.o
                0x000000000800d214                USBD_LL_Resume
 .text.USBD_LL_SOF
                0x000000000800d240       0x34 ./Middlewares/USB_Device_Library/usbd_core.o
                0x000000000800d240                USBD_LL_SOF
 .text.USBD_LL_IsoINIncomplete
                0x000000000800d274       0x1a ./Middlewares/USB_Device_Library/usbd_core.o
                0x000000000800d274                USBD_LL_IsoINIncomplete
 .text.USBD_LL_IsoOUTIncomplete
                0x000000000800d28e       0x1a ./Middlewares/USB_Device_Library/usbd_core.o
                0x000000000800d28e                USBD_LL_IsoOUTIncomplete
 .text.USBD_LL_DevConnected
                0x000000000800d2a8       0x16 ./Middlewares/USB_Device_Library/usbd_core.o
                0x000000000800d2a8                USBD_LL_DevConnected
 .text.USBD_LL_DevDisconnected
                0x000000000800d2be       0x38 ./Middlewares/USB_Device_Library/usbd_core.o
                0x000000000800d2be                USBD_LL_DevDisconnected
 .text.SWAPBYTE
                0x000000000800d2f6       0x3c ./Middlewares/USB_Device_Library/usbd_ctlreq.o
 *fill*         0x000000000800d332        0x2 
 .text.USBD_StdDevReq
                0x000000000800d334       0xdc ./Middlewares/USB_Device_Library/usbd_ctlreq.o
                0x000000000800d334                USBD_StdDevReq
 .text.USBD_StdItfReq
                0x000000000800d410       0x90 ./Middlewares/USB_Device_Library/usbd_ctlreq.o
                0x000000000800d410                USBD_StdItfReq
 .text.USBD_StdEPReq
                0x000000000800d4a0      0x2ba ./Middlewares/USB_Device_Library/usbd_ctlreq.o
                0x000000000800d4a0                USBD_StdEPReq
 *fill*         0x000000000800d75a        0x2 
 .text.USBD_GetDescriptor
                0x000000000800d75c      0x328 ./Middlewares/USB_Device_Library/usbd_ctlreq.o
 .text.USBD_SetAddress
                0x000000000800da84       0x86 ./Middlewares/USB_Device_Library/usbd_ctlreq.o
 *fill*         0x000000000800db0a        0x2 
 .text.USBD_SetConfig
                0x000000000800db0c      0x148 ./Middlewares/USB_Device_Library/usbd_ctlreq.o
 .text.USBD_GetConfig
                0x000000000800dc54       0x6a ./Middlewares/USB_Device_Library/usbd_ctlreq.o
 .text.USBD_GetStatus
                0x000000000800dcbe       0x66 ./Middlewares/USB_Device_Library/usbd_ctlreq.o
 .text.USBD_SetFeature
                0x000000000800dd24       0x28 ./Middlewares/USB_Device_Library/usbd_ctlreq.o
 .text.USBD_ClrFeature
                0x000000000800dd4c       0x42 ./Middlewares/USB_Device_Library/usbd_ctlreq.o
 .text.USBD_ParseSetupRequest
                0x000000000800dd8e       0x74 ./Middlewares/USB_Device_Library/usbd_ctlreq.o
                0x000000000800dd8e                USBD_ParseSetupRequest
 .text.USBD_CtlError
                0x000000000800de02       0x22 ./Middlewares/USB_Device_Library/usbd_ctlreq.o
                0x000000000800de02                USBD_CtlError
 .text.USBD_GetString
                0x000000000800de24       0x8c ./Middlewares/USB_Device_Library/usbd_ctlreq.o
                0x000000000800de24                USBD_GetString
 .text.USBD_GetLen
                0x000000000800deb0       0x34 ./Middlewares/USB_Device_Library/usbd_ctlreq.o
 .text.USBD_CtlSendData
                0x000000000800dee4       0x36 ./Middlewares/USB_Device_Library/usbd_ioreq.o
                0x000000000800dee4                USBD_CtlSendData
 .text.USBD_CtlContinueSendData
                0x000000000800df1a       0x22 ./Middlewares/USB_Device_Library/usbd_ioreq.o
                0x000000000800df1a                USBD_CtlContinueSendData
 .text.USBD_CtlContinueRx
                0x000000000800df3c       0x22 ./Middlewares/USB_Device_Library/usbd_ioreq.o
                0x000000000800df3c                USBD_CtlContinueRx
 .text.USBD_CtlSendStatus
                0x000000000800df5e       0x26 ./Middlewares/USB_Device_Library/usbd_ioreq.o
                0x000000000800df5e                USBD_CtlSendStatus
 .text.USBD_CtlReceiveStatus
                0x000000000800df84       0x26 ./Middlewares/USB_Device_Library/usbd_ioreq.o
                0x000000000800df84                USBD_CtlReceiveStatus
 .text.USBD_MSC_Init
                0x000000000800dfaa       0x9c ./Middlewares/USB_Device_Library/usbd_msc.o
                0x000000000800dfaa                USBD_MSC_Init
 .text.USBD_MSC_DeInit
                0x000000000800e046       0x58 ./Middlewares/USB_Device_Library/usbd_msc.o
                0x000000000800e046                USBD_MSC_DeInit
 *fill*         0x000000000800e09e        0x2 
 .text.USBD_MSC_Setup
                0x000000000800e0a0      0x1d4 ./Middlewares/USB_Device_Library/usbd_msc.o
                0x000000000800e0a0                USBD_MSC_Setup
 .text.USBD_MSC_DataIn
                0x000000000800e274       0x20 ./Middlewares/USB_Device_Library/usbd_msc.o
                0x000000000800e274                USBD_MSC_DataIn
 .text.USBD_MSC_DataOut
                0x000000000800e294       0x20 ./Middlewares/USB_Device_Library/usbd_msc.o
                0x000000000800e294                USBD_MSC_DataOut
 .text.USBD_MSC_GetHSCfgDesc
                0x000000000800e2b4       0x20 ./Middlewares/USB_Device_Library/usbd_msc.o
                0x000000000800e2b4                USBD_MSC_GetHSCfgDesc
 .text.USBD_MSC_GetFSCfgDesc
                0x000000000800e2d4       0x20 ./Middlewares/USB_Device_Library/usbd_msc.o
                0x000000000800e2d4                USBD_MSC_GetFSCfgDesc
 .text.USBD_MSC_GetOtherSpeedCfgDesc
                0x000000000800e2f4       0x20 ./Middlewares/USB_Device_Library/usbd_msc.o
                0x000000000800e2f4                USBD_MSC_GetOtherSpeedCfgDesc
 .text.USBD_MSC_GetDeviceQualifierDescriptor
                0x000000000800e314       0x20 ./Middlewares/USB_Device_Library/usbd_msc.o
                0x000000000800e314                USBD_MSC_GetDeviceQualifierDescriptor
 .text.USBD_MSC_RegisterStorage
                0x000000000800e334       0x2a ./Middlewares/USB_Device_Library/usbd_msc.o
                0x000000000800e334                USBD_MSC_RegisterStorage
 .text.MSC_BOT_Init
                0x000000000800e35e       0x68 ./Middlewares/USB_Device_Library/usbd_msc_bot.o
                0x000000000800e35e                MSC_BOT_Init
 .text.MSC_BOT_Reset
                0x000000000800e3c6       0x44 ./Middlewares/USB_Device_Library/usbd_msc_bot.o
                0x000000000800e3c6                MSC_BOT_Reset
 .text.MSC_BOT_DeInit
                0x000000000800e40a       0x22 ./Middlewares/USB_Device_Library/usbd_msc_bot.o
                0x000000000800e40a                MSC_BOT_DeInit
 .text.MSC_BOT_DataIn
                0x000000000800e42c       0x64 ./Middlewares/USB_Device_Library/usbd_msc_bot.o
                0x000000000800e42c                MSC_BOT_DataIn
 .text.MSC_BOT_DataOut
                0x000000000800e490       0x56 ./Middlewares/USB_Device_Library/usbd_msc_bot.o
                0x000000000800e490                MSC_BOT_DataOut
 *fill*         0x000000000800e4e6        0x2 
 .text.MSC_BOT_CBW_Decode
                0x000000000800e4e8      0x10c ./Middlewares/USB_Device_Library/usbd_msc_bot.o
 .text.MSC_BOT_SendData
                0x000000000800e5f4       0x56 ./Middlewares/USB_Device_Library/usbd_msc_bot.o
 *fill*         0x000000000800e64a        0x2 
 .text.MSC_BOT_SendCSW
                0x000000000800e64c       0x58 ./Middlewares/USB_Device_Library/usbd_msc_bot.o
                0x000000000800e64c                MSC_BOT_SendCSW
 .text.MSC_BOT_Abort
                0x000000000800e6a4       0x5c ./Middlewares/USB_Device_Library/usbd_msc_bot.o
 .text.MSC_BOT_CplClrFeature
                0x000000000800e700       0x50 ./Middlewares/USB_Device_Library/usbd_msc_bot.o
                0x000000000800e700                MSC_BOT_CplClrFeature
 .text.SCSI_ProcessCmd
                0x000000000800e750      0x2f0 ./Middlewares/USB_Device_Library/usbd_msc_scsi.o
                0x000000000800e750                SCSI_ProcessCmd
 .text.SCSI_TestUnitReady
                0x000000000800ea40       0x94 ./Middlewares/USB_Device_Library/usbd_msc_scsi.o
 .text.SCSI_Inquiry
                0x000000000800ead4       0xdc ./Middlewares/USB_Device_Library/usbd_msc_scsi.o
 .text.SCSI_ReadCapacity10
                0x000000000800ebb0       0xde ./Middlewares/USB_Device_Library/usbd_msc_scsi.o
 .text.SCSI_ReadCapacity16
                0x000000000800ec8e      0x148 ./Middlewares/USB_Device_Library/usbd_msc_scsi.o
 .text.SCSI_ReadFormatCapacity
                0x000000000800edd6       0xd8 ./Middlewares/USB_Device_Library/usbd_msc_scsi.o
 *fill*         0x000000000800eeae        0x2 
 .text.SCSI_ModeSense6
                0x000000000800eeb0       0x4c ./Middlewares/USB_Device_Library/usbd_msc_scsi.o
 .text.SCSI_ModeSense10
                0x000000000800eefc       0x4c ./Middlewares/USB_Device_Library/usbd_msc_scsi.o
 .text.SCSI_RequestSense
                0x000000000800ef48       0xf2 ./Middlewares/USB_Device_Library/usbd_msc_scsi.o
 .text.SCSI_SenseCode
                0x000000000800f03a       0x86 ./Middlewares/USB_Device_Library/usbd_msc_scsi.o
                0x000000000800f03a                SCSI_SenseCode
 .text.SCSI_StartStopUnit
                0x000000000800f0c0       0x96 ./Middlewares/USB_Device_Library/usbd_msc_scsi.o
 .text.SCSI_AllowPreventRemovable
                0x000000000800f156       0x46 ./Middlewares/USB_Device_Library/usbd_msc_scsi.o
 .text.SCSI_Read10
                0x000000000800f19c      0x134 ./Middlewares/USB_Device_Library/usbd_msc_scsi.o
 .text.SCSI_Read12
                0x000000000800f2d0      0x14a ./Middlewares/USB_Device_Library/usbd_msc_scsi.o
 .text.SCSI_Write10
                0x000000000800f41a      0x17e ./Middlewares/USB_Device_Library/usbd_msc_scsi.o
 .text.SCSI_Write12
                0x000000000800f598      0x19e ./Middlewares/USB_Device_Library/usbd_msc_scsi.o
 .text.SCSI_Verify10
                0x000000000800f736       0x66 ./Middlewares/USB_Device_Library/usbd_msc_scsi.o
 .text.SCSI_CheckAddressRange
                0x000000000800f79c       0x44 ./Middlewares/USB_Device_Library/usbd_msc_scsi.o
 .text.SCSI_ProcessRead
                0x000000000800f7e0       0xe6 ./Middlewares/USB_Device_Library/usbd_msc_scsi.o
 .text.SCSI_ProcessWrite
                0x000000000800f8c6      0x106 ./Middlewares/USB_Device_Library/usbd_msc_scsi.o
 .text.SCSI_UpdateBotData
                0x000000000800f9cc       0x46 ./Middlewares/USB_Device_Library/usbd_msc_scsi.o
 *fill*         0x000000000800fa12        0x2 
 .text.MX_USB_DEVICE_Init
                0x000000000800fa14       0x60 ./USB_DEVICE/App/usb_device.o
                0x000000000800fa14                MX_USB_DEVICE_Init
 .text.USBD_HS_DeviceDescriptor
                0x000000000800fa74       0x24 ./USB_DEVICE/App/usbd_desc.o
                0x000000000800fa74                USBD_HS_DeviceDescriptor
 .text.USBD_HS_LangIDStrDescriptor
                0x000000000800fa98       0x24 ./USB_DEVICE/App/usbd_desc.o
                0x000000000800fa98                USBD_HS_LangIDStrDescriptor
 .text.USBD_HS_ProductStrDescriptor
                0x000000000800fabc       0x3c ./USB_DEVICE/App/usbd_desc.o
                0x000000000800fabc                USBD_HS_ProductStrDescriptor
 .text.USBD_HS_ManufacturerStrDescriptor
                0x000000000800faf8       0x28 ./USB_DEVICE/App/usbd_desc.o
                0x000000000800faf8                USBD_HS_ManufacturerStrDescriptor
 .text.USBD_HS_SerialStrDescriptor
                0x000000000800fb20       0x24 ./USB_DEVICE/App/usbd_desc.o
                0x000000000800fb20                USBD_HS_SerialStrDescriptor
 .text.USBD_HS_ConfigStrDescriptor
                0x000000000800fb44       0x3c ./USB_DEVICE/App/usbd_desc.o
                0x000000000800fb44                USBD_HS_ConfigStrDescriptor
 .text.USBD_HS_InterfaceStrDescriptor
                0x000000000800fb80       0x3c ./USB_DEVICE/App/usbd_desc.o
                0x000000000800fb80                USBD_HS_InterfaceStrDescriptor
 .text.USBD_HS_USR_BOSDescriptor
                0x000000000800fbbc       0x24 ./USB_DEVICE/App/usbd_desc.o
                0x000000000800fbbc                USBD_HS_USR_BOSDescriptor
 .text.Get_SerialNum
                0x000000000800fbe0       0x58 ./USB_DEVICE/App/usbd_desc.o
 .text.IntToUnicode
                0x000000000800fc38       0x7e ./USB_DEVICE/App/usbd_desc.o
 .text.STORAGE_Init_HS
                0x000000000800fcb6       0x18 ./USB_DEVICE/App/usbd_storage_if.o
 .text.STORAGE_GetCapacity_HS
                0x000000000800fcce       0x2c ./USB_DEVICE/App/usbd_storage_if.o
 .text.STORAGE_IsReady_HS
                0x000000000800fcfa       0x18 ./USB_DEVICE/App/usbd_storage_if.o
 .text.STORAGE_IsWriteProtected_HS
                0x000000000800fd12       0x18 ./USB_DEVICE/App/usbd_storage_if.o
 .text.STORAGE_Read_HS
                0x000000000800fd2a       0x22 ./USB_DEVICE/App/usbd_storage_if.o
 .text.STORAGE_Write_HS
                0x000000000800fd4c       0x22 ./USB_DEVICE/App/usbd_storage_if.o
 .text.STORAGE_GetMaxLun_HS
                0x000000000800fd6e       0x10 ./USB_DEVICE/App/usbd_storage_if.o
 *fill*         0x000000000800fd7e        0x2 
 .text.HAL_PCD_MspInit
                0x000000000800fd80      0x128 ./USB_DEVICE/Target/usbd_conf.o
                0x000000000800fd80                HAL_PCD_MspInit
 .text.HAL_PCD_SetupStageCallback
                0x000000000800fea8       0x24 ./USB_DEVICE/Target/usbd_conf.o
                0x000000000800fea8                HAL_PCD_SetupStageCallback
 .text.HAL_PCD_DataOutStageCallback
                0x000000000800fecc       0x36 ./USB_DEVICE/Target/usbd_conf.o
                0x000000000800fecc                HAL_PCD_DataOutStageCallback
 .text.HAL_PCD_DataInStageCallback
                0x000000000800ff02       0x34 ./USB_DEVICE/Target/usbd_conf.o
                0x000000000800ff02                HAL_PCD_DataInStageCallback
 .text.HAL_PCD_SOFCallback
                0x000000000800ff36       0x1c ./USB_DEVICE/Target/usbd_conf.o
                0x000000000800ff36                HAL_PCD_SOFCallback
 .text.HAL_PCD_ResetCallback
                0x000000000800ff52       0x50 ./USB_DEVICE/Target/usbd_conf.o
                0x000000000800ff52                HAL_PCD_ResetCallback
 *fill*         0x000000000800ffa2        0x2 
 .text.HAL_PCD_SuspendCallback
                0x000000000800ffa4       0x4c ./USB_DEVICE/Target/usbd_conf.o
                0x000000000800ffa4                HAL_PCD_SuspendCallback
 .text.HAL_PCD_ResumeCallback
                0x000000000800fff0       0x1c ./USB_DEVICE/Target/usbd_conf.o
                0x000000000800fff0                HAL_PCD_ResumeCallback
 .text.HAL_PCD_ISOOUTIncompleteCallback
                0x000000000801000c       0x24 ./USB_DEVICE/Target/usbd_conf.o
                0x000000000801000c                HAL_PCD_ISOOUTIncompleteCallback
 .text.HAL_PCD_ISOINIncompleteCallback
                0x0000000008010030       0x24 ./USB_DEVICE/Target/usbd_conf.o
                0x0000000008010030                HAL_PCD_ISOINIncompleteCallback
 .text.HAL_PCD_ConnectCallback
                0x0000000008010054       0x1c ./USB_DEVICE/Target/usbd_conf.o
                0x0000000008010054                HAL_PCD_ConnectCallback
 .text.HAL_PCD_DisconnectCallback
                0x0000000008010070       0x1c ./USB_DEVICE/Target/usbd_conf.o
                0x0000000008010070                HAL_PCD_DisconnectCallback
 .text.USBD_LL_Init
                0x000000000801008c       0xa4 ./USB_DEVICE/Target/usbd_conf.o
                0x000000000801008c                USBD_LL_Init
 .text.USBD_LL_Start
                0x0000000008010130       0x36 ./USB_DEVICE/Target/usbd_conf.o
                0x0000000008010130                USBD_LL_Start
 .text.USBD_LL_OpenEP
                0x0000000008010166       0x4c ./USB_DEVICE/Target/usbd_conf.o
                0x0000000008010166                USBD_LL_OpenEP
 .text.USBD_LL_CloseEP
                0x00000000080101b2       0x3e ./USB_DEVICE/Target/usbd_conf.o
                0x00000000080101b2                USBD_LL_CloseEP
 .text.USBD_LL_FlushEP
                0x00000000080101f0       0x3e ./USB_DEVICE/Target/usbd_conf.o
                0x00000000080101f0                USBD_LL_FlushEP
 .text.USBD_LL_StallEP
                0x000000000801022e       0x3e ./USB_DEVICE/Target/usbd_conf.o
                0x000000000801022e                USBD_LL_StallEP
 .text.USBD_LL_ClearStallEP
                0x000000000801026c       0x3e ./USB_DEVICE/Target/usbd_conf.o
                0x000000000801026c                USBD_LL_ClearStallEP
 .text.USBD_LL_IsStallEP
                0x00000000080102aa       0x58 ./USB_DEVICE/Target/usbd_conf.o
                0x00000000080102aa                USBD_LL_IsStallEP
 .text.USBD_LL_SetUSBAddress
                0x0000000008010302       0x3e ./USB_DEVICE/Target/usbd_conf.o
                0x0000000008010302                USBD_LL_SetUSBAddress
 .text.USBD_LL_Transmit
                0x0000000008010340       0x42 ./USB_DEVICE/Target/usbd_conf.o
                0x0000000008010340                USBD_LL_Transmit
 .text.USBD_LL_PrepareReceive
                0x0000000008010382       0x42 ./USB_DEVICE/Target/usbd_conf.o
                0x0000000008010382                USBD_LL_PrepareReceive
 .text.USBD_LL_GetRxDataSize
                0x00000000080103c4       0x26 ./USB_DEVICE/Target/usbd_conf.o
                0x00000000080103c4                USBD_LL_GetRxDataSize
 *fill*         0x00000000080103ea        0x2 
 .text.HAL_PCDEx_LPM_Callback
                0x00000000080103ec       0x9c ./USB_DEVICE/Target/usbd_conf.o
                0x00000000080103ec                HAL_PCDEx_LPM_Callback
 .text.SystemClockConfig_Resume
                0x0000000008010488        0xc ./USB_DEVICE/Target/usbd_conf.o
 .text.USBD_Get_USB_Status
                0x0000000008010494       0x58 ./USB_DEVICE/Target/usbd_conf.o
                0x0000000008010494                USBD_Get_USB_Status
 .text.__errno  0x00000000080104ec        0xc c:/st/stm32cubeide_1.9.0/stm32cubeide/plugins/com.st.stm32cube.ide.mcu.externaltools.gnu-tools-for-stm32.10.3-2021.10.win32_1.0.0.202111181127/tools/bin/../lib/gcc/arm-none-eabi/10.3.1/../../../../arm-none-eabi/lib/thumb/v7e-m+fp/hard\libc_nano.a(lib_a-errno.o)
                0x00000000080104ec                __errno
 .text.__libc_init_array
                0x00000000080104f8       0x48 c:/st/stm32cubeide_1.9.0/stm32cubeide/plugins/com.st.stm32cube.ide.mcu.externaltools.gnu-tools-for-stm32.10.3-2021.10.win32_1.0.0.202111181127/tools/bin/../lib/gcc/arm-none-eabi/10.3.1/../../../../arm-none-eabi/lib/thumb/v7e-m+fp/hard\libc_nano.a(lib_a-init.o)
                0x00000000080104f8                __libc_init_array
 .text.malloc   0x0000000008010540       0x10 c:/st/stm32cubeide_1.9.0/stm32cubeide/plugins/com.st.stm32cube.ide.mcu.externaltools.gnu-tools-for-stm32.10.3-2021.10.win32_1.0.0.202111181127/tools/bin/../lib/gcc/arm-none-eabi/10.3.1/../../../../arm-none-eabi/lib/thumb/v7e-m+fp/hard\libc_nano.a(lib_a-malloc.o)
                0x0000000008010540                malloc
 .text.free     0x0000000008010550       0x10 c:/st/stm32cubeide_1.9.0/stm32cubeide/plugins/com.st.stm32cube.ide.mcu.externaltools.gnu-tools-for-stm32.10.3-2021.10.win32_1.0.0.202111181127/tools/bin/../lib/gcc/arm-none-eabi/10.3.1/../../../../arm-none-eabi/lib/thumb/v7e-m+fp/hard\libc_nano.a(lib_a-malloc.o)
                0x0000000008010550                free
 .text.memcpy   0x0000000008010560       0x1c c:/st/stm32cubeide_1.9.0/stm32cubeide/plugins/com.st.stm32cube.ide.mcu.externaltools.gnu-tools-for-stm32.10.3-2021.10.win32_1.0.0.202111181127/tools/bin/../lib/gcc/arm-none-eabi/10.3.1/../../../../arm-none-eabi/lib/thumb/v7e-m+fp/hard\libc_nano.a(lib_a-memcpy-stub.o)
                0x0000000008010560                memcpy
 .text.memset   0x000000000801057c       0x10 c:/st/stm32cubeide_1.9.0/stm32cubeide/plugins/com.st.stm32cube.ide.mcu.externaltools.gnu-tools-for-stm32.10.3-2021.10.win32_1.0.0.202111181127/tools/bin/../lib/gcc/arm-none-eabi/10.3.1/../../../../arm-none-eabi/lib/thumb/v7e-m+fp/hard\libc_nano.a(lib_a-memset.o)
                0x000000000801057c                memset
 .text._free_r  0x000000000801058c       0x98 c:/st/stm32cubeide_1.9.0/stm32cubeide/plugins/com.st.stm32cube.ide.mcu.externaltools.gnu-tools-for-stm32.10.3-2021.10.win32_1.0.0.202111181127/tools/bin/../lib/gcc/arm-none-eabi/10.3.1/../../../../arm-none-eabi/lib/thumb/v7e-m+fp/hard\libc_nano.a(lib_a-nano-freer.o)
                0x000000000801058c                _free_r
 .text.sbrk_aligned
                0x0000000008010624       0x40 c:/st/stm32cubeide_1.9.0/stm32cubeide/plugins/com.st.stm32cube.ide.mcu.externaltools.gnu-tools-for-stm32.10.3-2021.10.win32_1.0.0.202111181127/tools/bin/../lib/gcc/arm-none-eabi/10.3.1/../../../../arm-none-eabi/lib/thumb/v7e-m+fp/hard\libc_nano.a(lib_a-nano-mallocr.o)
 .text._malloc_r
                0x0000000008010664       0xe8 c:/st/stm32cubeide_1.9.0/stm32cubeide/plugins/com.st.stm32cube.ide.mcu.externaltools.gnu-tools-for-stm32.10.3-2021.10.win32_1.0.0.202111181127/tools/bin/../lib/gcc/arm-none-eabi/10.3.1/../../../../arm-none-eabi/lib/thumb/v7e-m+fp/hard\libc_nano.a(lib_a-nano-mallocr.o)
                0x0000000008010664                _malloc_r
 .text._sbrk_r  0x000000000801074c       0x20 c:/st/stm32cubeide_1.9.0/stm32cubeide/plugins/com.st.stm32cube.ide.mcu.externaltools.gnu-tools-for-stm32.10.3-2021.10.win32_1.0.0.202111181127/tools/bin/../lib/gcc/arm-none-eabi/10.3.1/../../../../arm-none-eabi/lib/thumb/v7e-m+fp/hard\libc_nano.a(lib_a-sbrkr.o)
                0x000000000801074c                _sbrk_r
 .text.__malloc_lock
                0x000000000801076c        0xc c:/st/stm32cubeide_1.9.0/stm32cubeide/plugins/com.st.stm32cube.ide.mcu.externaltools.gnu-tools-for-stm32.10.3-2021.10.win32_1.0.0.202111181127/tools/bin/../lib/gcc/arm-none-eabi/10.3.1/../../../../arm-none-eabi/lib/thumb/v7e-m+fp/hard\libc_nano.a(lib_a-mlock.o)
                0x000000000801076c                __malloc_lock
 .text.__malloc_unlock
                0x0000000008010778        0xc c:/st/stm32cubeide_1.9.0/stm32cubeide/plugins/com.st.stm32cube.ide.mcu.externaltools.gnu-tools-for-stm32.10.3-2021.10.win32_1.0.0.202111181127/tools/bin/../lib/gcc/arm-none-eabi/10.3.1/../../../../arm-none-eabi/lib/thumb/v7e-m+fp/hard\libc_nano.a(lib_a-mlock.o)
                0x0000000008010778                __malloc_unlock
 .text.__retarget_lock_acquire_recursive
                0x0000000008010784        0x2 c:/st/stm32cubeide_1.9.0/stm32cubeide/plugins/com.st.stm32cube.ide.mcu.externaltools.gnu-tools-for-stm32.10.3-2021.10.win32_1.0.0.202111181127/tools/bin/../lib/gcc/arm-none-eabi/10.3.1/../../../../arm-none-eabi/lib/thumb/v7e-m+fp/hard\libc_nano.a(lib_a-lock.o)
                0x0000000008010784                __retarget_lock_acquire_recursive
 .text.__retarget_lock_release_recursive
                0x0000000008010786        0x2 c:/st/stm32cubeide_1.9.0/stm32cubeide/plugins/com.st.stm32cube.ide.mcu.externaltools.gnu-tools-for-stm32.10.3-2021.10.win32_1.0.0.202111181127/tools/bin/../lib/gcc/arm-none-eabi/10.3.1/../../../../arm-none-eabi/lib/thumb/v7e-m+fp/hard\libc_nano.a(lib_a-lock.o)
                0x0000000008010786                __retarget_lock_release_recursive
 *(.glue_7)
 .glue_7        0x0000000008010788        0x0 linker stubs
 *(.glue_7t)
 .glue_7t       0x0000000008010788        0x0 linker stubs
 *(.eh_frame)
 .eh_frame      0x0000000008010788        0x0 c:/st/stm32cubeide_1.9.0/stm32cubeide/plugins/com.st.stm32cube.ide.mcu.externaltools.gnu-tools-for-stm32.10.3-2021.10.win32_1.0.0.202111181127/tools/bin/../lib/gcc/arm-none-eabi/10.3.1/thumb/v7e-m+fp/hard/crtbegin.o
 *(.init)
 .init          0x0000000008010788        0x4 c:/st/stm32cubeide_1.9.0/stm32cubeide/plugins/com.st.stm32cube.ide.mcu.externaltools.gnu-tools-for-stm32.10.3-2021.10.win32_1.0.0.202111181127/tools/bin/../lib/gcc/arm-none-eabi/10.3.1/thumb/v7e-m+fp/hard/crti.o
                0x0000000008010788                _init
 .init          0x000000000801078c        0x8 c:/st/stm32cubeide_1.9.0/stm32cubeide/plugins/com.st.stm32cube.ide.mcu.externaltools.gnu-tools-for-stm32.10.3-2021.10.win32_1.0.0.202111181127/tools/bin/../lib/gcc/arm-none-eabi/10.3.1/thumb/v7e-m+fp/hard/crtn.o
 *(.fini)
 .fini          0x0000000008010794        0x4 c:/st/stm32cubeide_1.9.0/stm32cubeide/plugins/com.st.stm32cube.ide.mcu.externaltools.gnu-tools-for-stm32.10.3-2021.10.win32_1.0.0.202111181127/tools/bin/../lib/gcc/arm-none-eabi/10.3.1/thumb/v7e-m+fp/hard/crti.o
                0x0000000008010794                _fini
 .fini          0x0000000008010798        0x8 c:/st/stm32cubeide_1.9.0/stm32cubeide/plugins/com.st.stm32cube.ide.mcu.externaltools.gnu-tools-for-stm32.10.3-2021.10.win32_1.0.0.202111181127/tools/bin/../lib/gcc/arm-none-eabi/10.3.1/thumb/v7e-m+fp/hard/crtn.o
                0x00000000080107a0                . = ALIGN (0x4)
                0x00000000080107a0                _etext = .

.vfp11_veneer   0x00000000080107a0        0x0
 .vfp11_veneer  0x00000000080107a0        0x0 linker stubs

.v4_bx          0x00000000080107a0        0x0
 .v4_bx         0x00000000080107a0        0x0 linker stubs

.iplt           0x00000000080107a0        0x0
 .iplt          0x00000000080107a0        0x0 c:/st/stm32cubeide_1.9.0/stm32cubeide/plugins/com.st.stm32cube.ide.mcu.externaltools.gnu-tools-for-stm32.10.3-2021.10.win32_1.0.0.202111181127/tools/bin/../lib/gcc/arm-none-eabi/10.3.1/thumb/v7e-m+fp/hard/crtbegin.o

.rodata         0x00000000080107a0      0x214
                0x00000000080107a0                . = ALIGN (0x4)
 *(.rodata)
 .rodata        0x00000000080107a0       0x78 ./Core/Src/main.o
 .rodata        0x0000000008010818        0x5 ./Middlewares/FreeRTOS/tasks.o
 *fill*         0x000000000801081d        0x3 
 .rodata        0x0000000008010820        0xd ./Middlewares/FreeRTOS/timers.o
 *fill*         0x000000000801082d        0x3 
 .rodata        0x0000000008010830       0x42 ./USB_DEVICE/App/usbd_desc.o
 *(.rodata*)
 *fill*         0x0000000008010872        0x2 
 .rodata.loggingTask_attributes
                0x0000000008010874       0x24 ./Core/Src/main.o
                0x0000000008010874                loggingTask_attributes
 .rodata.calculationTask_attributes
                0x0000000008010898       0x24 ./Core/Src/main.o
                0x0000000008010898                calculationTask_attributes
 .rodata.bridgeTask_attributes
                0x00000000080108bc       0x24 ./Core/Src/main.o
                0x00000000080108bc                bridgeTask_attributes
 .rodata.gyroModuleTask_attributes
                0x00000000080108e0       0x24 ./Core/Src/main.o
                0x00000000080108e0                gyroModuleTask_attributes
 .rodata.loggingQueue_attributes