../Core/Src/main.c:152:5:main	8	static
../Core/Src/main.c:267:6:SystemClock_Config	88	static
../Core/Src/main.c:322:13:MX_I2C1_Init	8	static
../Core/Src/main.c:370:13:MX_I2C4_Init	8	static
../Core/Src/main.c:418:13:MX_RTC_Init	8	static
../Core/Src/main.c:453:13:MX_SDMMC1_SD_Init	4	static
../Core/Src/main.c:481:13:MX_TIM1_Init	56	static
../Core/Src/main.c:532:13:MX_TIM9_Init	48	static
../Core/Src/main.c:589:13:MX_TIM12_Init	40	static
../Core/Src/main.c:631:13:MX_UART4_Init	8	static
../Core/Src/main.c:666:13:MX_UART7_Init	8	static
../Core/Src/main.c:701:13:MX_UART8_Init	8	static
../Core/Src/main.c:736:13:MX_USART1_UART_Init	8	static
../Core/Src/main.c:771:13:MX_USART2_UART_Init	8	static
../Core/Src/main.c:806:13:MX_USART3_UART_Init	8	static
../Core/Src/main.c:841:13:MX_USART6_UART_Init	8	static
../Core/Src/main.c:876:13:MX_GPIO_Init	32	static
../Core/Src/main.c:899:6:startLoggingTask	16	static
../Core/Src/main.c:919:6:startCalculationTask	16	static
../Core/Src/main.c:937:6:startBridgeTask	16	static
../Core/Src/main.c:955:6:startGyroModuleTask	16	static
../Core/Src/main.c:970:6:Error_Handler	4	static,ignoring_inline_asm
